
== Entorno E2E aislado 20260803084043-9707 ==
Base: controllocal_e2e_20260803084043_9707
powershell :  Network controllocal-e2e-20260803084043-9707_default Creating 
En línea: 1 Carácter: 461
+ ... OS = '900'; powershell -NoProfile -ExecutionPolicy Bypass -File D:\in ...
+                 ~~~~~~~~~~~~~~~~~~~~~~~~~~~~~~~~~~~~~~~~~~~~~~~~~~~~~~~~~
    + CategoryInfo          : NotSpecified: ( Network contro...fault Creating :String) [], RemoteException
    + FullyQualifiedErrorId : NativeCommandError
 
 Network controllocal-e2e-20260803084043-9707_default Created 
 Container controllocal-postgres-e2e-20260803084043-9707 Creating 
 Container controllocal-postgres-e2e-20260803084043-9707 Created 
 Container controllocal-api-e2e-20260803084043-9707 Creating 
 Container controllocal-api-e2e-20260803084043-9707 Created 
 Container controllocal-postgres-e2e-20260803084043-9707 Starting 
 Container controllocal-postgres-e2e-20260803084043-9707 Started 
 Container controllocal-postgres-e2e-20260803084043-9707 Waiting 
 Container controllocal-postgres-e2e-20260803084043-9707 Healthy 
 Container controllocal-api-e2e-20260803084043-9707 Starting 
 Container controllocal-api-e2e-20260803084043-9707 Started 
 Container controllocal-api-e2e-20260803084043-9707 Waiting 
 Container controllocal-postgres-e2e-20260803084043-9707 Waiting 
 Container controllocal-postgres-e2e-20260803084043-9707 Healthy 
 Container controllocal-api-e2e-20260803084043-9707 Healthy 

== Suite diagnostico-transporte-largo / corrida 20260803084043-9707 ==

== 900 s de /salud, una vez por segundo, por los dos caminos a la vez ==

== Resultado: ventana 08:41:21 -> 08:56:31 UTC ==

Camino                           N p50 p99 Peor Sobre500 Sobre1500
------                           - --- --- ---- -------- ---------
W  Windows -> puerto publicado 900  28  83  201        0         0



-- parones de W (>= 500 ms sobre un trabajo de ~20 ms) --
   ninguno
-- parones de D (>= 500 ms sobre un trabajo de ~0 ms) --
   ninguno

-- coincidencias en el tiempo --
   no hubo parones en ninguno de los dos caminos en esta ventana

-- pausas de la JVM en la ventana --
   55 pausas; la mas larga 47.4 ms

===== transporte largo medido =====
 Container controllocal-api-e2e-20260803084043-9707 Stopping 
 Container controllocal-api-e2e-20260803084043-9707 Stopped 
 Container controllocal-api-e2e-20260803084043-9707 Removing 
 Container controllocal-api-e2e-20260803084043-9707 Removed 
 Container controllocal-postgres-e2e-20260803084043-9707 Stopping 
 Container controllocal-postgres-e2e-20260803084043-9707 Stopped 
 Container controllocal-postgres-e2e-20260803084043-9707 Removing 
 Container controllocal-postgres-e2e-20260803084043-9707 Removed 
 Network controllocal-e2e-20260803084043-9707_default Removing 
 Network controllocal-e2e-20260803084043-9707_default Removed 
Entorno 20260803084043-9707 eliminado: sin contenedores, volumenes, red ni filas E2E residuales.
