
== Entorno E2E aislado 20260803092808-1835 ==
Base: controllocal_e2e_20260803092808_1835
powershell :  Network controllocal-e2e-20260803092808-1835_default Creating 
En línea: 1 Carácter: 329
+ ... trolLocal'; powershell -NoProfile -ExecutionPolicy Bypass -File 'back ...
+                 ~~~~~~~~~~~~~~~~~~~~~~~~~~~~~~~~~~~~~~~~~~~~~~~~~~~~~~~~~
    + CategoryInfo          : NotSpecified: ( Network contro...fault Creating :String) [], RemoteException
    + FullyQualifiedErrorId : NativeCommandError
 
 Network controllocal-e2e-20260803092808-1835_default Created 
 Container controllocal-postgres-e2e-20260803092808-1835 Creating 
 Container controllocal-postgres-e2e-20260803092808-1835 Created 
 Container controllocal-api-e2e-20260803092808-1835 Creating 
 Container controllocal-api-e2e-20260803092808-1835 Created 
 Container controllocal-postgres-e2e-20260803092808-1835 Starting 
 Container controllocal-postgres-e2e-20260803092808-1835 Started 
 Container controllocal-postgres-e2e-20260803092808-1835 Waiting 
 Container controllocal-postgres-e2e-20260803092808-1835 Healthy 
 Container controllocal-api-e2e-20260803092808-1835 Starting 
 Container controllocal-api-e2e-20260803092808-1835 Started 
 Container controllocal-postgres-e2e-20260803092808-1835 Waiting 
 Container controllocal-api-e2e-20260803092808-1835 Waiting 
 Container controllocal-postgres-e2e-20260803092808-1835 Healthy 
 Container controllocal-api-e2e-20260803092808-1835 Healthy 

== Suite sonda-transporte / corrida 20260803092808-1835 ==

== Sonda de transporte: 300 s de /salud por los dos caminos ==

== Resultado: ventana 09:29:25 -> 09:34:29 UTC ==

Camino                           N p50 p99 Peor Pausas
------                           - --- --- ---- ------
W  Windows -> puerto publicado 300  34 108  255      0



-- pausas de W (>= 500 ms) --
   ninguna
-- pausas de D (>= 500 ms) --
   ninguna

===== sin pausas del entorno: se puede medir rendimiento =====
 Container controllocal-api-e2e-20260803092808-1835 Stopping 
 Container controllocal-api-e2e-20260803092808-1835 Stopped 
 Container controllocal-api-e2e-20260803092808-1835 Removing 
 Container controllocal-api-e2e-20260803092808-1835 Removed 
 Container controllocal-postgres-e2e-20260803092808-1835 Stopping 
 Container controllocal-postgres-e2e-20260803092808-1835 Stopped 
 Container controllocal-postgres-e2e-20260803092808-1835 Removing 
 Container controllocal-postgres-e2e-20260803092808-1835 Removed 
 Network controllocal-e2e-20260803092808-1835_default Removing 
 Network controllocal-e2e-20260803092808-1835_default Removed 
Entorno 20260803092808-1835 eliminado: sin contenedores, volumenes, red ni filas E2E residuales.
