TRAMO: reautenticacion reforzada + recuperacion de nivel 2
----------------------------------------------------------
89/89, exit 0. Secciones nuevas: 11b (lo que NO cambia al fallar la
reautenticacion), 11c (reemplazar el factor propio), 11d (la cuenta afectada
queda capada) y 11e (padron de gobierno y aviso persistente).

NOTA SOBRE LAS TRES CORRIDAS ANTERIORES
Fallaron por la PRUEBA, no por el codigo:
  * dos comprobaciones de higiene buscaban la palabra "contrasena" o
    "elevacion" en el JSON y casaban con NOMBRES DE CAMPO
    (`debeCambiarContrasena`) y con TIPOS DE EVENTO (`ELEVACION_EMITIDA`).
    Ahora se buscan secretos por su FORMA (Base32 de 32+, codigo de respaldo,
    pbkdf2);
  * el recuento del padron contaba objetos deserializados por
    `Invoke-RestMethod`, que en PowerShell 5.1 no siempre entrega un array
    enumerado: daba 1 para veintiuna cuentas. Ahora se cuenta sobre el JSON
    crudo.

El backend nunca perdio filas. Se comprobo con
`PadronDeGobiernoIntegrationTest` (controllocal-app), que contra una base real
verifica repositorio, service y serializacion JSON. Esa clase queda como gate
permanente: el fallo no lo veia ni el compilador ni el arranque, y perseguirlo
por E2E costaba diez minutos por intento.

== Entorno E2E aislado 20260806151540-4940 ==
Base: controllocal_e2e_20260806151540_4940
 Network controllocal-e2e-20260806151540-4940_default Creating 
 Network controllocal-e2e-20260806151540-4940_default Created 
 Container controllocal-postgres-e2e-20260806151540-4940 Creating 
 Container controllocal-postgres-e2e-20260806151540-4940 Created 
 Container controllocal-api-e2e-20260806151540-4940 Creating 
 Container controllocal-api-e2e-20260806151540-4940 Created 
 Container controllocal-postgres-e2e-20260806151540-4940 Starting 
 Container controllocal-postgres-e2e-20260806151540-4940 Started 
 Container controllocal-postgres-e2e-20260806151540-4940 Waiting 
 Container controllocal-postgres-e2e-20260806151540-4940 Healthy 
 Container controllocal-api-e2e-20260806151540-4940 Starting 
 Container controllocal-api-e2e-20260806151540-4940 Started 
 Container controllocal-postgres-e2e-20260806151540-4940 Waiting 
 Container controllocal-api-e2e-20260806151540-4940 Waiting 
 Container controllocal-api-e2e-20260806151540-4940 Healthy 
 Container controllocal-postgres-e2e-20260806151540-4940 Healthy 

== Suite s0-mfa / corrida 20260806151540-4940 ==

== 0. Punto de partida: el administrador debe enrolar ==
  OK   V37 obliga a enrolar a los administradores
  OK   la organizacion AUN no exige MFA de gobierno (arranque seguro)
  OK   el administrador SI puede entrar con la sesion capada

== 1. La sesion capada solo alcanza lo imprescindible ==
  OK   GET /perfil pasa
  OK   GET /perfil/mfa pasa
  OK   administrar agentes NO pasa
  OK   administrar miembros NO pasa
  OK   clientes NO pasa
  OK   el logout SI pasa (no se encierra a nadie)

== 2. Enrolamiento ==
  OK   el enrolamiento devuelve secreto y otpauth
  OK   la URI declara SHA1/6/30 (interoperable)
  OK   sin confirmar, el factor NO esta activo
  OK   confirmar con codigo invalido no activa
  OK   y el rechazo viaja con codigo estable, no solo con texto
  OK   confirmar devuelve 8 codigos de respaldo
  OK   los codigos llevan identificador + secreto
  OK   confirmar INVALIDA las sesiones vivas
  OK   la organizacion cruza a MFA de gobierno
  OK   confirmar SELLA el paso que uso

== 3. El login pasa a dos pasos ==
  OK   con MFA activo, /auth/login responde 401
  OK   /auth/mfa/desafio responde 202 con desafio
  OK   el 202 NO trae token de sesion
  OK   el codigo del enrolamiento NO sirve luego para autenticar
  OK   y se rechaza como REUTILIZADO, no como invalido
  OK   con el paso temporal siguiente la autenticacion SI pasa
  OK   verificar devuelve el LoginResponse congelado
  OK   la sesion ya NO esta capada
  OK   un desafio ya canjeado se distingue por codigo
  OK   un desafio inexistente se distingue por codigo
  OK   sin MFA el mismo endpoint responde 200 + sesion

== 4. Anti-replay ATOMICO (D-S0-31) ==
  OK   el mismo codigo entra UNA vez
  OK   y el REPLAY del mismo codigo falla
  OK   el paso consumido queda sellado

== 5. Solo paso actual y anterior; el futuro NO (D-S0-36) ==
  OK   el paso FUTURO (t+1) se rechaza
  OK   dos pasos atras (t-2) se rechaza
  OK   el paso anterior (t-1) SI vale: el cliente atrasado es el caso real

== 6. Limite por desafio y acumulado por cuenta (D-S0-32) ==
  OK   al sexto intento el desafio muere, aunque el codigo sea bueno
  OK   los fallos se acumulan POR CUENTA entre desafios distintos
  OK   con >=10 fallos acumulados se exige espera, aun con codigo bueno
  OK   y la espera NO es un bloqueo indefinido
  OK   el limite tambien se distingue por codigo

== 7. Codigos de respaldo ==
  OK   un codigo de respaldo deja entrar
  OK   usar un codigo NO desactiva el MFA
  OK   y queda uno menos
  OK   el mismo codigo de respaldo NO vale dos veces
  OK   un identificador inventado falla (localiza CERO filas)

== 8. Regenerar y revocar exigen reautenticacion (D-S0-34) ==
  OK   regenerar SIN codigo se rechaza: la sesion abierta no basta
  OK   regenerar SIN contrasena se rechaza
  OK   regenerar devuelve 8 codigos nuevos
  OK   regenerar invalida TODOS los anteriores
  OK   regenerar NO invalida sesiones

== 9. Reglas de revocacion por rol ==
  OK   un AGENTE no revoca el factor de nadie
  OK   la elevacion se emite con contrasena + codigo
  OK   revocar SIN elevacion se rechaza
  OK   nadie se revoca a si mismo por esta via
  OK   el motivo es obligatorio
  OK   el TENANT_ADMIN SI revoca el factor de un companero
  OK   el afectado queda obligado a enrolar
  OK   el factor queda REVOCADO, no borrado
  OK   la elevacion NO vale dos veces

== 10. Invariante de administrador OPERATIVO (D-S0-37) ==
  OK   no se puede revocar el factor del UNICO administrador operativo
  OK   ni el propio titular puede, si es el ultimo operativo
  OK   y el factor del administrador sigue ACTIVO

== 11. token_acceso: el tipo es obligatorio (D-S0-23) ==
  OK   conviven desafios y elevaciones en la misma tabla
  OK   un DESAFIO_MFA no se canjea como recuperacion de contrasena
  OK   el unico parcial es por (credencial, tipo)

== 11b. Reautenticacion reforzada: lo que NO cambia al fallar ==
  OK   con la contrasena mal, regenerar NO toca los codigos
  OK   con el codigo mal, el factor sigue ACTIVO e intacto

== 11c. Reemplazar el factor propio (D-S0-34) ==
  OK   reemplazar el factor propio se acepta
  OK   y la sesion que lo pidio muere en el acto
  OK   la cuenta queda obligada a enrolar de nuevo
  OK   el factor queda REVOCADO, no borrado
  OK   sin factor, el login vuelve a ser de un solo paso
  OK   y esa sesion SI alcanza el enrolamiento
  OK   pero NO alcanza a operar: queda capada

== 11d. Nivel 2: la cuenta afectada queda capada ==
  OK   el afectado entra, pero con la sesion capada
  OK   y NO puede administrar miembros

== 11e. Gobierno de accesos (padron y aviso) ==
  OK   el padron devuelve TODAS las cuentas del tenant
  OK   y trae los DOS identificadores (persona y rol)
  OK   el padron NO expone secretos ni hashes
  OK   un BROKER no ve el padron
  OK   un AGENTE tampoco
  OK   el aviso de gobierno registra la revocacion ajena
  OK   y trae el motivo escrito por quien revoco
  OK   el aviso NO expone secretos ni hashes
  OK   un BROKER no lee el aviso de gobierno
  OK   una persona de OTRO tenant responde 404, no 403

== 12. Higiene: ningun secreto en la auditoria ==
  OK   ningun evento lleva secretos ni codigos
  OK   se auditan los hechos de MFA

== Resumen ==
  OK: 89   FALLAS: 0
 Container controllocal-api-e2e-20260806151540-4940 Stopping 
 Container controllocal-api-e2e-20260806151540-4940 Stopped 
 Container controllocal-api-e2e-20260806151540-4940 Removing 
 Container controllocal-api-e2e-20260806151540-4940 Removed 
 Container controllocal-postgres-e2e-20260806151540-4940 Stopping 
 Container controllocal-postgres-e2e-20260806151540-4940 Stopped 
 Container controllocal-postgres-e2e-20260806151540-4940 Removing 
 Container controllocal-postgres-e2e-20260806151540-4940 Removed 
 Network controllocal-e2e-20260806151540-4940_default Removing 
 Network controllocal-e2e-20260806151540-4940_default Removed 
Base controllocal_e2e_20260806151540_4940 y su entorno eliminados en 1.8 s.
Entorno 20260806151540-4940 eliminado: sin contenedores, volumenes ni red residuales.
