
== Entorno E2E aislado 20260803075651-8859 ==
Base: controllocal_e2e_20260803075651_8859
powershell :  Network controllocal-e2e-20260803075651-8859_default Creating 
En línea: 1 Carácter: 453
+ ... lyContinue; powershell -NoProfile -ExecutionPolicy Bypass -File D:\in ...
+                 ~~~~~~~~~~~~~~~~~~~~~~~~~~~~~~~~~~~~~~~~~~~~~~~~~~~~~~~~~
    + CategoryInfo          : NotSpecified: ( Network contro...fault Creating :String) [], RemoteException
    + FullyQualifiedErrorId : NativeCommandError
 
 Network controllocal-e2e-20260803075651-8859_default Created 
 Container controllocal-postgres-e2e-20260803075651-8859 Creating 
 Container controllocal-postgres-e2e-20260803075651-8859 Created 
 Container controllocal-api-e2e-20260803075651-8859 Creating 
 Container controllocal-api-e2e-20260803075651-8859 Created 
 Container controllocal-postgres-e2e-20260803075651-8859 Starting 
 Container controllocal-postgres-e2e-20260803075651-8859 Started 
 Container controllocal-postgres-e2e-20260803075651-8859 Waiting 
 Container controllocal-postgres-e2e-20260803075651-8859 Healthy 
 Container controllocal-api-e2e-20260803075651-8859 Starting 
 Container controllocal-api-e2e-20260803075651-8859 Started 
 Container controllocal-postgres-e2e-20260803075651-8859 Waiting 
 Container controllocal-api-e2e-20260803075651-8859 Waiting 
 Container controllocal-postgres-e2e-20260803075651-8859 Healthy 
 Container controllocal-api-e2e-20260803075651-8859 Healthy 

== Suite demanda-busqueda / corrida 20260803075651-8859 ==

== 1. Login ==
  OK   login del administrador

== 2. Banco de 100000 filas por tabla ==
  OK   el seed aporta agente y propietario para colgar el banco
  OK   el banco tiene 100000 oportunidades
  OK   el banco tiene 100000 visitas
  OK   el banco tiene 100000 interacciones

== 3. Semantica: cada rama casa lo suyo y no duplica ==
  OK   rama direccion: el testigo HITO casa y no duplica
  OK   rama codigo de oportunidad: HITOOP casa 20
  OK   rama codigo de captacion: HITOCAP casa 20
  OK   rama nombre del cliente: HITOCLI casa solo sus oportunidades
  OK   un texto sin coincidencias devuelve vacio y total 0
  OK   visitas, rama direccion: el testigo casa y no duplica
  OK   visitas, rama distrito: casa el sexto de la cartera
  OK   interacciones, rama observaciones: HITOOBS casa los suyos
  OK   interacciones, rama codigo de captacion
  OK   interacciones, rama codigo de prospeccion
  OK   interacciones, rama nombre del cliente

== 4. Conteo y pagina miran el mismo conjunto ==
  OK   paginar el conjunto entero devuelve exactamente el total
  OK   las paginas no repiten filas
  OK   el orden es estable y descendente entre paginas
  OK   la pagina posterior a la ultima viaja vacia y conserva el total

== 5. El KPI sale del MISMO conjunto que la lista ==
  OK   resumen de oportunidades: el total cuadra con la lista
  OK   resumen de oportunidades: los cubos suman el total
  OK   el cubo de abiertas coincide con el filtro de la lista
  OK   resumen de visitas: el total cuadra con la lista
  OK   resumen de visitas: los cubos suman el total
  OK   el cubo de programadas coincide con el filtro de la lista

== 6. Rendimiento del texto libre ==

Escenario                Modulo Termino      p50  p95 Peor Frio   Casa
---------                ------ -------      ---  --- ---- ----   ----
OPO casa con TODO        OPO    Avenida      899 1198 1218 1079 100000
OPO casa TODO - profunda OPO    Avenida      917 1110 1212  910 100000
OPO medianam. selectivo  OPO    OPD-00001    113  121  128  129    100
OPO ~20 coincidencias    OPO    HITOOP        88  100  102   84     20
OPO por cliente          OPO    HITOCLI       88  136  136  100    502
OPO sin coincidencias    OPO    ZZZNOEXISTE   54   86   92   64      0
OPO texto + estado       OPO    Avenida      567  605  725  578  20000
VIS casa con TODO        VIS    Avenida     1197 1490 1503  722 100000
VIS casa TODO - profunda VIS    Avenida     1027 1296 1549 1171 100000
VIS por distrito         VIS    Barranco     244  324  417  247  16667
VIS ~20 coincidencias    VIS    HITO          44   50   53   43     20
VIS texto + estado       VIS    Avenida      268  317  340  352  20000
INT casa con TODO        INT    Contacto     422  649  664  514 100000
INT casa TODO - profunda INT    Contacto     528  956 2442  411 100000
INT ~20 coincidencias    INT    HITOOBS      109  128  128  103     20
INT por captacion        INT    HITOCAP       90   98  103   99      5
INT por cliente          INT    HITOCLI       83   89  100   80    126
INT texto + canal        INT    Contacto     234  364  367  228  14285




== 7. Sin texto: la referencia de cada bandeja ==

Escenario                Modulo Termino  p50  p95 Peor Frio   Casa
---------                ------ -------  ---  --- ---- ----   ----
OPO sin texto - pagina 1 OPO             397  457  645  232 100001
OPO sin texto - profunda OPO             852 1049 1440  603 100001
VIS sin texto - pagina 1 VIS             720  793  915  303 100001
VIS sin texto - profunda VIS            1674 1868 2381 1227 100001
INT sin texto - pagina 1 INT              97  144  153  114 100001
INT sin texto - profunda INT             484  569  732  198 100001



  OK   OPO casa con TODO: el termino 'Avenida' tiene su medida aislada
  OK   OPO casa TODO - profunda: el termino 'Avenida' tiene su medida aislada
  OK   OPO medianam. selectivo: el termino 'OPD-00001' tiene su medida aislada
  OK   OPO ~20 coincidencias: el termino 'HITOOP' tiene su medida aislada
  OK   OPO por cliente: el termino 'HITOCLI' tiene su medida aislada
  OK   OPO sin coincidencias: el termino 'ZZZNOEXISTE' tiene su medida aislada
  OK   OPO texto + estado: el termino 'Avenida' tiene su medida aislada
  OK   VIS casa con TODO: el termino 'Avenida' tiene su medida aislada
  OK   VIS casa TODO - profunda: el termino 'Avenida' tiene su medida aislada
  OK   VIS por distrito: el termino 'Barranco' tiene su medida aislada
  OK   VIS ~20 coincidencias: el termino 'HITO' tiene su medida aislada
  OK   VIS texto + estado: el termino 'Avenida' tiene su medida aislada
  OK   INT casa con TODO: el termino 'Contacto' tiene su medida aislada
  OK   INT casa TODO - profunda: el termino 'Contacto' tiene su medida aislada
  OK   INT ~20 coincidencias: el termino 'HITOOBS' tiene su medida aislada
  OK   INT por captacion: el termino 'HITOCAP' tiene su medida aislada
  OK   INT por cliente: el termino 'HITOCLI' tiene su medida aislada
  OK   INT texto + canal: el termino 'Contacto' tiene su medida aislada

== 8. Criterio 1: busqueda DISCRIMINANTE ==
   (9 escenarios; el termino acota de verdad el conjunto)
  OK   p95 de la busqueda discriminante < 1000 ms
  OK   peor observado de la busqueda discriminante < 2000 ms

== 9. Criterio 2: busqueda NO DISCRIMINANTE ==
   (9 escenarios con >= 90000 coincidencias)
  OK   OPO casa con TODO: bajo RC-003 (< 3000 ms)
  OK   OPO casa TODO - profunda: bajo RC-003 (< 3000 ms)
  OK   OPO texto + estado: bajo RC-003 (< 3000 ms)
  OK   VIS casa con TODO: bajo RC-003 (< 3000 ms)
  OK   VIS casa TODO - profunda: bajo RC-003 (< 3000 ms)
  OK   VIS texto + estado: bajo RC-003 (< 3000 ms)
  OK   INT casa con TODO: bajo RC-003 (< 3000 ms)
  OK   INT casa TODO - profunda: bajo RC-003 (< 3000 ms)
  OK   INT texto + canal: bajo RC-003 (< 3000 ms)

   Evidencia (NO es umbral): las dos profundidades de cada modulo

Modulo Profundidad ConTexto SinTexto Razon Lectura                 
------ ----------- -------- -------- ----- -------                 
OPO    pagina 1        1198      457  2.62 la busqueda cuesta MAS  
OPO    profunda        1110     1049  1.06 la busqueda cuesta MAS  
OPO    pagina 1         605      457  1.32 la busqueda cuesta MAS  
VIS    pagina 1        1490      793  1.88 la busqueda cuesta MAS  
VIS    profunda        1296     1868  0.69 la busqueda cuesta MENOS
VIS    pagina 1         317      793   0.4 la busqueda cuesta MENOS
INT    pagina 1         649      144  4.51 la busqueda cuesta MAS  
INT    profunda         956      569  1.68 la busqueda cuesta MAS  
INT    pagina 1         364      144  2.53 la busqueda cuesta MAS  



  OK   OPO : el criterio 2 registra las dos profundidades
  OK   VIS : el criterio 2 registra las dos profundidades
  OK   INT : el criterio 2 registra las dos profundidades

== 10. Criterio 3: paginacion PROFUNDA ==
  OK   la paginacion profunda se mantiene bajo RC-003 (< 3000 ms)
        pendiente registrado: sustituir OFFSET por paginacion por cursor/keyset.
  OK   la llamada en frio respeta RC-003 (< 3000 ms)

== 11. Planes: cada rama entra por su indice, ninguna tabla se recorre entera ==
Aggregate  (cost=661.32..661.33 rows=1 width=8) (actual time=0.823..0.829 rows=1 loops=1)
  Buffers: shared hit=95
  ->  HashAggregate  (cost=650.66..655.40 rows=474 width=8) (actual time=0.810..0.824 rows=20 loops=1)
        Group Key: o.id_oportunidad
        Batches: 1  Memory Usage: 49kB
        Buffers: shared hit=95
        ->  Append  (cost=39.20..649.47 rows=474 width=8) (actual time=0.143..0.797 rows=20 loops=1)
              Buffers: shared hit=95
              ->  Nested Loop  (cost=39.20..123.76 rows=10 width=8) (actual time=0.142..0.506 rows=20 loops=1)
                    Buffers: shared hit=70
                    ->  Bitmap Heap Scan on oportunidad_comercial o  (cost=38.91..76.66 rows=10 width=16) (actual time=0.100..0.280 rows=20 loops=1)
                          Recheck Cond: (lower((codigo_oportunidad)::text) ~~ '%hitoop%'::text)
                          Filter: (organizacion_id = 1)
                          Heap Blocks: exact=20
                          Buffers: shared hit=29
                          ->  Bitmap Index Scan on ix_oportunidad_codigo_trgm  (cost=0.00..38.91 rows=10 width=0) (actual time=0.072..0.072 rows=20 loops=1)
                                Index Cond: (lower((codigo_oportunidad)::text) ~~ '%hitoop%'::text)
                                Buffers: shared hit=9
                    ->  Index Only Scan using captacion_pkey on captacion cap  (cost=0.29..4.71 rows=1 width=8) (actual time=0.010..0.010 rows=1 loops=20)
                          Index Cond: (id_captacion = o.id_captacion)
                          Heap Fetches: 0
                          Buffers: shared hit=41
              ->  Nested Loop  (cost=39.20..159.77 rows=10 width=8) (actual time=0.030..0.031 rows=0 loops=1)
                    Buffers: shared hit=9
                    ->  Bitmap Heap Scan on captacion cap_1  (cost=38.91..76.55 rows=10 width=8) (actual time=0.029..0.030 rows=0 loops=1)
                          Recheck Cond: (lower((codigo_captacion)::text) ~~ '%hitoop%'::text)
                          Buffers: shared hit=9
                          ->  Bitmap Index Scan on ix_captacion_codigo_trgm  (cost=0.00..38.91 rows=10 width=0) (actual time=0.022..0.023 rows=0 loops=1)
                                Index Cond: (lower((codigo_captacion)::text) ~~ '%hitoop%'::text)
                                Buffers: shared hit=9
                    ->  Index Scan using ix_oportunidad_captacion on oportunidad_comercial o_1  (cost=0.29..8.31 rows=1 width=16) (never executed)
                          Index Cond: (id_captacion = cap_1.id_captacion)
                          Filter: (organizacion_id = 1)
              ->  Nested Loop  (cost=39.49..164.03 rows=10 width=8) (actual time=0.019..0.020 rows=0 loops=1)
                    Buffers: shared hit=9
                    ->  Nested Loop  (cost=39.20..160.08 rows=10 width=8) (actual time=0.019..0.020 rows=0 loops=1)
                          Buffers: shared hit=9
                          ->  Bitmap Heap Scan on propiedad prop  (cost=38.91..76.88 rows=10 width=8) (actual time=0.019..0.019 rows=0 loops=1)
                                Recheck Cond: (lower((direccion)::text) ~~ '%hitoop%'::text)
                                Buffers: shared hit=9
                                ->  Bitmap Index Scan on ix_propiedad_direccion_trgm  (cost=0.00..38.91 rows=10 width=0) (actual time=0.014..0.014 rows=0 loops=1)
                                      Index Cond: (lower((direccion)::text) ~~ '%hitoop%'::text)
                                      Buffers: shared hit=9
                          ->  Index Scan using ix_captacion_propiedad on captacion cap_2  (cost=0.29..8.31 rows=1 width=16) (never executed)
                                Index Cond: (id_propiedad = prop.id_propiedad)
                    ->  Index Scan using ix_oportunidad_captacion on oportunidad_comercial o_2  (cost=0.29..0.39 rows=1 width=16) (never executed)
                          Index Cond: (id_captacion = cap_2.id_captacion)
                          Filter: (organizacion_id = 1)
              ->  Nested Loop  (cost=8.97..199.54 rows=444 width=8) (actual time=0.231..0.233 rows=0 loops=1)
                    Buffers: shared hit=7
                    ->  Nested Loop  (cost=8.68..56.96 rows=444 width=16) (actual time=0.231..0.232 rows=0 loops=1)
                          Buffers: shared hit=7
                          ->  Hash Join  (cost=8.39..14.50 rows=1 width=8) (actual time=0.230..0.232 rows=0 loops=1)
                                Hash Cond: (prcli.id_persona = percli.id_persona)
                                Buffers: shared hit=7
                                ->  Seq Scan on persona_rol prcli  (cost=0.00..5.46 rows=246 width=16) (actual time=0.010..0.010 rows=1 loops=1)
                                      Buffers: shared hit=2
                                ->  Hash  (cost=8.38..8.38 rows=1 width=8) (actual time=0.181..0.182 rows=0 loops=1)
                                      Buckets: 1024  Batches: 1  Memory Usage: 8kB
                                      Buffers: shared hit=5
                                      ->  Seq Scan on persona percli  (cost=0.00..8.38 rows=1 width=8) (actual time=0.181..0.181 rows=0 loops=1)
                                            Filter: (lower((nombres_o_razon_social)::text) ~~ '%hitoop%'::text)
                                            Rows Removed by Filter: 225
                                            Buffers: shared hit=5
                          ->  Index Scan using ix_oportunidad_cliente on oportunidad_comercial o_3  (cost=0.29..37.42 rows=503 width=24) (never executed)
                                Index Cond: (id_rol_cliente = prcli.id_persona_rol)
                                Filter: (organizacion_id = 1)
                    ->  Index Only Scan using captacion_pkey on captacion cap_3  (cost=0.29..0.32 rows=1 width=8) (never executed)
                          Index Cond: (id_captacion = o_3.id_captacion)
                          Heap Fetches: 0
Planning:
  Buffers: shared hit=930
Planning Time: 20.819 ms
Execution Time: 1.859 ms
  OK   plan de oportunidades: cada rama grande entra por su trigrama
  OK   plan de oportunidades: sin Seq Scan de las tablas grandes
Aggregate  (cost=477.34..477.35 rows=1 width=8) (actual time=1.030..1.055 rows=1 loops=1)
  Buffers: shared hit=44
  ->  Unique  (cost=474.89..475.59 rows=140 width=8) (actual time=1.005..1.042 rows=20 loops=1)
        Buffers: shared hit=44
        ->  Sort  (cost=474.89..475.24 rows=140 width=8) (actual time=1.002..1.027 rows=20 loops=1)
              Sort Key: i.id_interaccion
              Sort Method: quicksort  Memory: 25kB
              Buffers: shared hit=44
              ->  Append  (cost=51.72..469.90 rows=140 width=8) (actual time=0.199..0.905 rows=20 loops=1)
                    Buffers: shared hit=41
                    ->  Bitmap Heap Scan on interaccion_comercial i  (cost=51.72..89.54 rows=10 width=8) (actual time=0.198..0.238 rows=20 loops=1)
                          Recheck Cond: (lower(observaciones) ~~ '%hitoobs%'::text)
                          Filter: (organizacion_id = 1)
                          Heap Blocks: exact=1
                          Buffers: shared hit=12
                          ->  Bitmap Index Scan on ix_interaccion_observaciones_trgm  (cost=0.00..51.71 rows=10 width=0) (actual time=0.086..0.087 rows=20 loops=1)
                                Index Cond: (lower(observaciones) ~~ '%hitoobs%'::text)
                                Buffers: shared hit=11
                    ->  Nested Loop  (cost=47.88..165.52 rows=10 width=8) (actual time=0.063..0.067 rows=0 loops=1)
                          Buffers: shared hit=11
                          ->  Bitmap Heap Scan on prospeccion pro  (cost=47.59..85.14 rows=10 width=8) (actual time=0.062..0.063 rows=0 loops=1)
                                Recheck Cond: (lower((codigo_prospeccion)::text) ~~ '%hitoobs%'::text)
                                Buffers: shared hit=11
                                ->  Bitmap Index Scan on ix_prospeccion_codigo_trgm  (cost=0.00..47.59 rows=10 width=0) (actual time=0.053..0.053 rows=0 loops=1)
                                      Index Cond: (lower((codigo_prospeccion)::text) ~~ '%hitoobs%'::text)
                                      Buffers: shared hit=11
                          ->  Index Scan using ix_interaccion_prospeccion on interaccion_comercial i_1  (cost=0.29..7.99 rows=5 width=16) (never executed)
                                Index Cond: (id_prospeccion = pro.id_prospeccion)
                                Filter: (organizacion_id = 1)
                    ->  Nested Loop  (cost=47.88..168.41 rows=10 width=8) (actual time=0.055..0.059 rows=0 loops=1)
                          Buffers: shared hit=11
                          ->  Bitmap Heap Scan on captacion cap  (cost=47.59..85.23 rows=10 width=8) (actual time=0.055..0.057 rows=0 loops=1)
                                Recheck Cond: (lower((codigo_captacion)::text) ~~ '%hitoobs%'::text)
                                Buffers: shared hit=11
                                ->  Bitmap Index Scan on ix_captacion_codigo_trgm  (cost=0.00..47.59 rows=10 width=0) (actual time=0.046..0.048 rows=0 loops=1)
                                      Index Cond: (lower((codigo_captacion)::text) ~~ '%hitoobs%'::text)
                                      Buffers: shared hit=11
                          ->  Index Scan using ix_interaccion_captacion on interaccion_comercial i_2  (cost=0.29..8.31 rows=1 width=16) (never executed)
                                Index Cond: (id_captacion = cap.id_captacion)
                                Filter: (organizacion_id = 1)
                    ->  Nested Loop  (cost=8.67..45.73 rows=110 width=8) (actual time=0.521..0.532 rows=0 loops=1)
                          Buffers: shared hit=7
                          ->  Hash Join  (cost=8.39..14.50 rows=1 width=8) (actual time=0.520..0.530 rows=0 loops=1)
                                Hash Cond: (prcli.id_persona = percli.id_persona)
                                Buffers: shared hit=7
                                ->  Seq Scan on persona_rol prcli  (cost=0.00..5.46 rows=246 width=16) (actual time=0.012..0.012 rows=1 loops=1)
                                      Buffers: shared hit=2
                                ->  Hash  (cost=8.38..8.38 rows=1 width=8) (actual time=0.461..0.464 rows=0 loops=1)
                                      Buckets: 1024  Batches: 1  Memory Usage: 8kB
                                      Buffers: shared hit=5
                                      ->  Seq Scan on persona percli  (cost=0.00..8.38 rows=1 width=8) (actual time=0.460..0.460 rows=0 loops=1)
                                            Filter: (lower((nombres_o_razon_social)::text) ~~ '%hitoobs%'::text)
                                            Rows Removed by Filter: 225
                                            Buffers: shared hit=5
                          ->  Index Scan using ix_interaccion_cliente on interaccion_comercial i_3  (cost=0.29..29.97 rows=125 width=16) (never executed)
                                Index Cond: (id_rol_cliente = prcli.id_persona_rol)
                                Filter: (organizacion_id = 1)
Planning:
  Buffers: shared hit=809
Planning Time: 17.524 ms
Execution Time: 2.141 ms
  OK   plan de interacciones: entra por los trigramas de observaciones y codigos
  OK   plan de interacciones: sin Seq Scan de las tablas grandes

-- contraste: el OR cruzado sobre el mismo banco --
Finalize Aggregate  (cost=9884.51..9884.52 rows=1 width=8) (actual time=399.674..407.584 rows=1 loops=1)
  Buffers: shared hit=4942
  ->  Gather  (cost=9884.39..9884.50 rows=1 width=8) (actual time=398.074..407.571 rows=2 loops=1)
        Workers Planned: 1
        Workers Launched: 1
        Buffers: shared hit=4942
        ->  Partial Aggregate  (cost=8884.39..8884.40 rows=1 width=8) (actual time=388.556..388.565 rows=1 loops=2)
              Buffers: shared hit=4942
              ->  Hash Join  (cost=5989.70..8884.33 rows=24 width=0) (actual time=138.261..388.536 rows=10 loops=2)
                    Hash Cond: (prcli.id_persona = percli.id_persona)
                    Join Filter: ((lower((o.codigo_oportunidad)::text) ~~ '%hitoop%'::text) OR (lower((cap.codigo_captacion)::text) ~~ '%hitoop%'::text) OR (lower((prop.direccion)::text) ~~ '%hitoop%'::text) OR (lower((percli.nombres_o_razon_social)::text) ~~ '%hitoop%'::text))
                    Rows Removed by Join Filter: 49990
                    Buffers: shared hit=4942
                    ->  Hash Join  (cost=5979.64..8719.86 rows=58824 width=54) (actual time=102.366..224.729 rows=50000 loops=2)
                          Hash Cond: (o.id_rol_cliente = prcli.id_persona_rol)
                          Buffers: shared hit=4869
                          ->  Parallel Hash Join  (cost=5971.10..8554.25 rows=58824 width=54) (actual time=102.070..202.533 rows=50000 loops=2)
                                Hash Cond: (cap.id_propiedad = prop.id_propiedad)
                                Buffers: shared hit=4863
                                ->  Parallel Hash Join  (cost=2752.54..5181.27 rows=58824 width=41) (actual time=54.193..117.569 rows=50000 loops=2)
                                      Hash Cond: (o.id_captacion = cap.id_captacion)
                                      Buffers: shared hit=2968
                                      ->  Parallel Seq Scan on oportunidad_comercial o  (cost=0.00..2274.30 rows=58824 width=28) (actual time=0.052..21.869 rows=50000 loops=2)
                                            Filter: (organizacion_id = 1)
                                            Buffers: shared hit=1539
                                      ->  Parallel Hash  (cost=2017.24..2017.24 rows=58824 width=29) (actual time=53.614..53.615 rows=50000 loops=2)
                                            Buckets: 131072  Batches: 1  Memory Usage: 7328kB
                                            Buffers: shared hit=1429
                                            ->  Parallel Seq Scan on captacion cap  (cost=0.00..2017.24 rows=58824 width=29) (actual time=0.022..19.117 rows=50000 loops=2)
                                                  Buffers: shared hit=1429
                                ->  Parallel Hash  (cost=2483.25..2483.25 rows=58825 width=29) (actual time=46.004..46.005 rows=50001 loops=2)
                                      Buckets: 131072  Batches: 1  Memory Usage: 7328kB
                                      Buffers: shared hit=1895
                                      ->  Parallel Seq Scan on propiedad prop  (cost=0.00..2483.25 rows=58825 width=29) (actual time=0.015..17.319 rows=50001 loops=2)
                                            Buffers: shared hit=1895
                          ->  Hash  (cost=5.46..5.46 rows=246 width=16) (actual time=0.240..0.241 rows=246 loops=2)
                                Buckets: 1024  Batches: 1  Memory Usage: 20kB
                                Buffers: shared hit=6
                                ->  Seq Scan on persona_rol prcli  (cost=0.00..5.46 rows=246 width=16) (actual time=0.021..0.101 rows=246 loops=2)
                                      Buffers: shared hit=6
                    ->  Hash  (cost=7.25..7.25 rows=225 width=27) (actual time=0.281..0.282 rows=225 loops=2)
                          Buckets: 1024  Batches: 1  Memory Usage: 21kB
                          Buffers: shared hit=10
                          ->  Seq Scan on persona percli  (cost=0.00..7.25 rows=225 width=27) (actual time=0.040..0.157 rows=225 loops=2)
                                Buffers: shared hit=10
Planning:
  Buffers: shared hit=974
Planning Time: 21.667 ms
Execution Time: 407.987 ms
  OK   el OR cruzado SI cae a Seq Scan (justifica la reescritura)

== 12. Guarda estatica: el listado ya no recibe el texto ==
  OK   OportunidadComercialRepository.java: el listado JPQL no recibe texto libre
  OK   VisitaRepository.java: el listado JPQL no recibe texto libre
  OK   InteraccionComercialRepository.java: el listado JPQL no recibe texto libre

== Limpieza del banco ==
  OK   el banco se retira por completo

===== 69 OK / 0 FALLAS =====
 Container controllocal-api-e2e-20260803075651-8859 Stopping 
 Container controllocal-api-e2e-20260803075651-8859 Stopped 
 Container controllocal-api-e2e-20260803075651-8859 Removing 
 Container controllocal-api-e2e-20260803075651-8859 Removed 
 Container controllocal-postgres-e2e-20260803075651-8859 Stopping 
 Container controllocal-postgres-e2e-20260803075651-8859 Stopped 
 Container controllocal-postgres-e2e-20260803075651-8859 Removing 
 Container controllocal-postgres-e2e-20260803075651-8859 Removed 
 Network controllocal-e2e-20260803075651-8859_default Removing 
 Network controllocal-e2e-20260803075651-8859_default Removed 
Entorno 20260803075651-8859 eliminado: sin contenedores, volumenes, red ni filas E2E residuales.
