POR QUE ESTA REEJECUCION
------------------------
En la regresion completa (2026-08-06-regresion-completa-mfa-enrolamiento.log)
`locales-busqueda` fallo sus CUATRO umbrales de latencia: p95=1092 ms, peor=5525 ms
y +404% en la pagina profunda. La corrida coincidio con dos `ng build` y una
corrida de Karma lanzados en paralelo en la misma maquina.

Los cambios de esa tanda (MFA: sellado del paso al confirmar + codigo estable de
error) no tocan la busqueda de locales, asi que se repitio la suite SOLA. Pasa
21/21 con la maquina libre: era contencion de CPU, no regresion.

Leccion operativa: las suites de latencia miden en la misma maquina que compila.
No lanzar builds ni tests de frontend mientras corren.

== Entorno E2E aislado 20260806132827-5886 ==
Base: controllocal_e2e_20260806132827_5886
 Network controllocal-e2e-20260806132827-5886_default Creating 
 Network controllocal-e2e-20260806132827-5886_default Created 
 Container controllocal-postgres-e2e-20260806132827-5886 Creating 
 Container controllocal-postgres-e2e-20260806132827-5886 Created 
 Container controllocal-api-e2e-20260806132827-5886 Creating 
 Container controllocal-api-e2e-20260806132827-5886 Created 
 Container controllocal-postgres-e2e-20260806132827-5886 Starting 
 Container controllocal-postgres-e2e-20260806132827-5886 Started 
 Container controllocal-postgres-e2e-20260806132827-5886 Waiting 
 Container controllocal-postgres-e2e-20260806132827-5886 Healthy 
 Container controllocal-api-e2e-20260806132827-5886 Starting 
 Container controllocal-api-e2e-20260806132827-5886 Started 
 Container controllocal-api-e2e-20260806132827-5886 Waiting 
 Container controllocal-postgres-e2e-20260806132827-5886 Waiting 
 Container controllocal-postgres-e2e-20260806132827-5886 Healthy 
 Container controllocal-api-e2e-20260806132827-5886 Healthy 

== Suite locales-busqueda / corrida 20260806132827-5886 ==

== 1. Login ==
  OK   login del administrador

== 2. Banco de 100000 locales ==
  OK   el banco tiene 100000 locales

== 3. Semantica: el conjunto de candidatos devuelve lo que debe ==
  OK   el RUBRO entra en la busqueda (ampliacion de 2026-08-01)
  OK   las filas del rubro traen el rubro buscado
  OK   el testigo HITO casa solo con los suyos
  OK   sin duplicados: tantos ids distintos como filas
  OK   un texto sin coincidencias devuelve vacio y total 0
  OK   casar por varias ramas no duplica la fila

== 4. El conteo y la pagina miran el mismo conjunto ==
  OK   paginar el conjunto entero devuelve exactamente el total
  OK   la pagina siguiente a la ultima viaja vacia y conserva el total
  OK   las paginas no repiten filas
  OK   el orden es por id y es estable entre paginas
  OK   el KPI del resumen suma exactamente el total de la lista
  OK   el desglose del resumen coincide con el filtro de la lista

== 5. Rendimiento del texto libre (RC-003) ==

Escenario                 p50  p95 Peor Frio   Casa
---------                 ---  --- ---- ----   ----
casa con TODO             698  906  927  703 100000
casa con TODO - profunda 1274 1793 1863 1311 100000
medianamente selectivo    287  386  398  297  16667
~20 coincidencias          85  125  128   73     20
sin coincidencias          67   75   75   78      0
por rubro                  68   74   75   69    100
por propietario           370  453  465  327 100001
texto + estado            530  789  808  466    500



  OK   p95 del texto libre en pagina 1 <= 1000 ms
  OK   peor observado en regimen < 2000 ms
  OK   limite absoluto RC-003 < 3000 ms
  OK   la llamada en frio tambien respeta RC-003 (< 3000 ms)

== 6. Sin texto no se degrada ==

Escenario                   p50  p95 Peor Frio   Casa
---------                   ---  --- ---- ----   ----
sin texto - pagina 1        233  363  456  194 100002
sin texto - pagina profunda 983 1405 1466  991 100002



  OK   el listado sin texto sigue por debajo del objetivo
  OK   en la pagina profunda la busqueda no anade mas del 30% sobre el OFFSET

== Limpieza: la base exclusiva de la corrida se elimina entera ==
  OK   el banco vive en la base efimera de la corrida (se elimina entera)

===== 21 OK / 0 FALLAS =====
 Container controllocal-api-e2e-20260806132827-5886 Stopping 
 Container controllocal-api-e2e-20260806132827-5886 Stopped 
 Container controllocal-api-e2e-20260806132827-5886 Removing 
 Container controllocal-api-e2e-20260806132827-5886 Removed 
 Container controllocal-postgres-e2e-20260806132827-5886 Stopping 
 Container controllocal-postgres-e2e-20260806132827-5886 Stopped 
 Container controllocal-postgres-e2e-20260806132827-5886 Removing 
 Container controllocal-postgres-e2e-20260806132827-5886 Removed 
 Network controllocal-e2e-20260806132827-5886_default Removing 
 Network controllocal-e2e-20260806132827-5886_default Removed 
Base controllocal_e2e_20260806132827_5886 y su entorno eliminados en 3.6 s.
Entorno 20260806132827-5886 eliminado: sin contenedores, volumenes ni red residuales.
