
== Entorno E2E aislado 20260803100415-6394 ==
Base: controllocal_e2e_20260803100415_6394
powershell :  Network controllocal-e2e-20260803100415-6394_default Creating 
En línea: 1 Carácter: 370
+ ... StartNew(); powershell -NoProfile -ExecutionPolicy Bypass -Command "& ...
+                 ~~~~~~~~~~~~~~~~~~~~~~~~~~~~~~~~~~~~~~~~~~~~~~~~~~~~~~~~~
    + CategoryInfo          : NotSpecified: ( Network contro...fault Creating :String) [], RemoteException
    + FullyQualifiedErrorId : NativeCommandError
 
 Network controllocal-e2e-20260803100415-6394_default Created 
 Container controllocal-postgres-e2e-20260803100415-6394 Creating 
 Container controllocal-postgres-e2e-20260803100415-6394 Created 
 Container controllocal-api-e2e-20260803100415-6394 Creating 
 Container controllocal-api-e2e-20260803100415-6394 Created 
 Container controllocal-postgres-e2e-20260803100415-6394 Starting 
 Container controllocal-postgres-e2e-20260803100415-6394 Started 
 Container controllocal-postgres-e2e-20260803100415-6394 Waiting 
 Container controllocal-postgres-e2e-20260803100415-6394 Healthy 
 Container controllocal-api-e2e-20260803100415-6394 Starting 
 Container controllocal-api-e2e-20260803100415-6394 Started 
 Container controllocal-api-e2e-20260803100415-6394 Waiting 
 Container controllocal-postgres-e2e-20260803100415-6394 Waiting 
 Container controllocal-api-e2e-20260803100415-6394 Healthy 
 Container controllocal-postgres-e2e-20260803100415-6394 Healthy 

== Suite f4-solicitud / corrida 20260803100415-6394 ==

== 1. Login de los cinco actores ==
  OK   login agente responsable (AGE-001)
  OK   login agente de otro equipo (AGE-003)
  OK   login broker supervisor (BRK-001)
  OK   login broker de otro equipo (BRK-002)
  OK   login admin

== 2. Prologo F2 + F3: oferta, captacion ACTIVA y oportunidad ==
  OK   la captacion del prologo quedo ACTIVA
  OK   el local tiene una publicacion PUBLICADA (para el efecto 6)
  OK   la oportunidad del prologo nace ABIERTA

== 3. POST /solicitudes: alta, precondiciones y efecto lateral ==
  OK   sin idOportunidad responde el mensaje del cable
  OK   forma de pago invalida da el mensaje del cable
  OK   el BROKER no registra solicitudes (403)
  OK   POST /solicitudes responde 201 y nace REGISTRADA (G)
  OK   el codigo autogenerado sigue el formato SOL-yyMMddHHmmss
  OK   plazoTentativo se DERIVA de plazoMeses ("24 meses")
  OK   el checklist arranca en 0/6
  OK   la solicitud nace con tenant
  OK   nacer no deja fila en historial_estado
  OK   el alta movio la oportunidad a S (solicitud creada)
  OK   y esa transicion SI se audito (la v1 no lo hacia)
  OK   una oportunidad admite UNA sola solicitud (corta por la precondicion)
  OK   y la BD lo respalda con el unico por oportunidad

== 4. Lectura y alcance de /solicitudes (§7: por AGENTE) ==
  OK   GET /solicitudes/codigo/{codigo} resuelve la ficha
  OK   el filtro idOportunidad acota a una
  OK   la ficha resuelve el contexto (cliente, captacion, local)
  OK   el BROKER supervisor la alcanza (por agente supervisado)
  OK   el BROKER de otro equipo NO la ve (lista vacia, no 403)
  OK   un agente de otro equipo recibe 403 en la ficha
  OK   el ADMIN ve todo el tenant

== 5. Documentos: las TRES vias de subida (D-F4-1) ==
  OK   via base64 responde 201 con el documento REGISTRADO/Pendiente
  OK   la clave del almacen cuelga de la carpeta = codigo de la solicitud
  OK   el tipo se traduce a su nombre de catalogo
  OK   el POST devuelve fechaEntrega (no depende del DEFAULT de la BD)
  OK   el binario se sirve por la URL capability, sin token
  OK   via octet-stream responde 201
  OK   un trozo intermedio responde 200 sin cuerpo
  OK   el ultimo trozo ensambla y responde 201
  OK   el archivo ensamblado suma los dos trozos
  OK   la via "documentos/local" NO existe en la v2 (D-F4-1)

== 6. Documentos: validaciones y checklist X/6 ==
  OK   extension no permitida
  OK   tipo de documento invalido
  OK   base64 invalido
  OK   tipo obligatorio
  OK   nombre de archivo obligatorio
  OK   un cuerpo JSON vacio corta por tipo obligatorio
  OK   sin Content-Type responde 415, no 500
  OK   un alta rechazada no deja huerfanos en el almacen
  OK   el tipo OTRO no suma al checklist (sigue 3/6)
  OK   con los seis tipos entregados el checklist marca 6/6

== 7. Revision de documentos (BROKER/ADMIN) ==
  OK   el resultado de la revision es obligatorio
  OK   observar exige la observacion (MEJ-03)
  OK   el AGENTE no revisa documentos (403)
  OK   observar deja el documento OBSERVADO
  OK   un documento OBSERVADO deja de contar (5/6)
  OK   la revision se audito
  OK   D-F4-5 cerrada: un broker de OTRO equipo ya NO puede revisar (403)
  OK   D-F4-5: conformar en bloque tambien exige alcance (403)
  OK   conformar devuelve el expediente COMPLETO
  OK   conformar respeta al OBSERVADO (hallazgo deliberado del broker)
  OK   y deja VALIDADO todo lo que estaba pendiente

== 8. Reenvio a evaluacion y decision del broker ==
  OK   reenviar deja la solicitud EN REVISION (E)
  OK   no se reenvia desde EN REVISION
  OK   el AGENTE no entra a /evaluaciones (403)
  OK   tipoEvaluacion ausente es 400 (se ignora su valor, no su presencia)
  OK   con tipo y resultado invalidos gana el mensaje del TIPO
  OK   la evaluacion SI exige supervision (a diferencia de revisar)
  OK   el tipo se DERIVA del resultado: OBSERVADA => OBSERVACION
  OK   la evaluacion movio la solicitud a OBSERVADA
  OK   el historial por solicitud SI lo ve el agente dueno
  OK   APROBADA => tipo FINAL (se pisa el "P" que mando el cliente)
  OK   la solicitud quedo APROBADA
  OK   solo cabe UNA evaluacion final por solicitud
  OK   GET /evaluaciones pagina en SQL y devuelve las del broker
  OK   GET /evaluaciones/{id} resuelve la ficha

== 9. POST /contratos: la cascada de SIETE efectos (§6) ==
  OK   sin idSolicitud responde el mensaje del cable
  OK   un estado que no existe en el enum
  OK   un estado valido que no es de cierre
  OK   la fecha de cierre no puede ser futura
  OK   el contrato SI exige que la solicitud sea del agente (403)
  OK   el BROKER no cierra (403): el cierre lo registra el agente
  OK   POST /contratos responde 201 y el contrato queda VIGENTE
  OK   las condiciones se LEEN de la solicitud, no se copian
  OK   la fecha fin se deriva (inicio + plazo)
  OK   efecto 2: la comision nace P con la bruta (5% de 8000 = 400)
  OK   efecto 2: renta y comision conservan PEN sin conversion
  OK   efecto 3: la oportunidad se cerro EXITOSA (F)
  OK   efecto 4: la solicitud quedo CERRADA (C)
  OK   efecto 5: la captacion se cerro con fecha y motivo de alquiler
  OK   efecto 6: el local conserva registro A y disponibilidad A (alquilado)
  OK   efecto 6: se registro el precio con hito C (cerrado real)
  OK   efecto 6: las publicaciones se dieron de baja
  OK   la cascada dejo CUATRO filas en historial_estado (MEJ-01)
  OK   el contrato NACE con iniciar(): no suma fila propia
  OK   una oportunidad no admite un segundo contrato

== 10. Lectura de contratos y comision (§5) ==
  OK   GET /contratos/oportunidad/{id} resuelve el contrato
  OK   el tamano por defecto de /contratos es 100, no 10
  OK   el BROKER alcanza por CAPTACION supervisada
  OK   el BROKER de otro equipo no lo ve
  OK   los gates de comision son del BROKER SIN admin (403)
  OK   asignar exige el monto del agente
  OK   un broker que no supervisa la captacion recibe 403
  OK   asignar fija el monto del agente
  OK   y el de la empresa se calcula solo (400 - 250 = 150)
  OK   el AGENTE no ve el reparto (Jackson non_null: ni viajan)
  OK   pero SI ve la comision bruta y su estado
  OK   el ADMIN si ve el reparto (solo lectura)
  OK   el cobro exige el estado
  OK   el cobro solo admite Cobrada o Anulada
  OK   el cobro deja la comision C
  OK   el estado viaja como codigo y la forma de pago conserva su catalogo
  OK   el cobro se audito en la comision

== 11. Contrato de errores y tenancy ==
  OK   sin token responde 401
  OK   una solicitud inexistente responde 404
  OK   un contrato inexistente responde 404
  OK   el metodo equivocado es 405, no 500
  OK   contrato, comision y documentos nacen con tenant
  OK   cero filas con organizacion_id NULL en toda la BD

===== 116 OK / 0 FALLAS =====
 Container controllocal-api-e2e-20260803100415-6394 Stopping 
 Container controllocal-api-e2e-20260803100415-6394 Stopped 
 Container controllocal-api-e2e-20260803100415-6394 Removing 
 Container controllocal-api-e2e-20260803100415-6394 Removed 
 Container controllocal-postgres-e2e-20260803100415-6394 Stopping 
 Container controllocal-postgres-e2e-20260803100415-6394 Stopped 
 Container controllocal-postgres-e2e-20260803100415-6394 Removing 
 Container controllocal-postgres-e2e-20260803100415-6394 Removed 
 Network controllocal-e2e-20260803100415-6394_default Removing 
 Network controllocal-e2e-20260803100415-6394_default Removed 
Base controllocal_e2e_20260803100415_6394 y su entorno eliminados en 1.6 s.
Entorno 20260803100415-6394 eliminado: sin contenedores, volumenes ni red residuales.

== Entorno E2E aislado 20260803100511-9197 ==
Base: controllocal_e2e_20260803100511_9197
 Network controllocal-e2e-20260803100511-9197_default Creating 
 Network controllocal-e2e-20260803100511-9197_default Created 
 Container controllocal-postgres-e2e-20260803100511-9197 Creating 
 Container controllocal-postgres-e2e-20260803100511-9197 Created 
 Container controllocal-api-e2e-20260803100511-9197 Creating 
 Container controllocal-api-e2e-20260803100511-9197 Created 
 Container controllocal-postgres-e2e-20260803100511-9197 Starting 
 Container controllocal-postgres-e2e-20260803100511-9197 Started 
 Container controllocal-postgres-e2e-20260803100511-9197 Waiting 
 Container controllocal-postgres-e2e-20260803100511-9197 Healthy 
 Container controllocal-api-e2e-20260803100511-9197 Starting 
 Container controllocal-api-e2e-20260803100511-9197 Started 
 Container controllocal-api-e2e-20260803100511-9197 Waiting 
 Container controllocal-postgres-e2e-20260803100511-9197 Waiting 
 Container controllocal-postgres-e2e-20260803100511-9197 Healthy 
 Container controllocal-api-e2e-20260803100511-9197 Healthy 

== Suite demanda-busqueda / corrida 20260803100511-9197 ==

== 1. Login ==
  OK   login del administrador

== 2. Banco de 100000 filas por tabla ==
  OK   el seed aporta agente y propietario para colgar el banco
  OK   el banco tiene 100000 oportunidades
  OK   el banco tiene 100000 visitas
  OK   el banco tiene 100000 interacciones

== 3. Semantica: cada rama casa lo suyo y no duplica ==
  OK   rama direccion: el testigo HITO casa y no duplica
  OK   rama codigo de oportunidad: HITOOP casa 20
  OK   rama codigo de captacion: HITOCAP casa 20
  OK   rama nombre del cliente: HITOCLI casa solo sus oportunidades
  OK   un texto sin coincidencias devuelve vacio y total 0
  OK   visitas, rama direccion: el testigo casa y no duplica
  OK   visitas, rama distrito: casa el sexto de la cartera
  OK   interacciones, rama observaciones: HITOOBS casa los suyos
  OK   interacciones, rama codigo de captacion
  OK   interacciones, rama codigo de prospeccion
  OK   interacciones, rama nombre del cliente

== 4. Conteo y pagina miran el mismo conjunto ==
  OK   paginar el conjunto entero devuelve exactamente el total
  OK   las paginas no repiten filas
  OK   el orden es estable y descendente entre paginas
  OK   la pagina posterior a la ultima viaja vacia y conserva el total

== 5. El KPI sale del MISMO conjunto que la lista ==
  OK   resumen de oportunidades: el total cuadra con la lista
  OK   resumen de oportunidades: los cubos suman el total
  OK   el cubo de abiertas coincide con el filtro de la lista
  OK   resumen de visitas: el total cuadra con la lista
  OK   resumen de visitas: los cubos suman el total
  OK   el cubo de programadas coincide con el filtro de la lista

== 6. Rendimiento del texto libre ==

Escenario                Modulo Termino      p50  p95 Peor Frio   Casa
---------                ------ -------      ---  --- ---- ----   ----
OPO casa con TODO        OPO    Avenida      998 1253 1506  563 100000
OPO casa TODO - profunda OPO    Avenida     1009 1115 1162 1032 100000
OPO medianam. selectivo  OPO    OPD-00001    113  142  150  124    100
OPO ~20 coincidencias    OPO    HITOOP       119  193  220   90     20
OPO por cliente          OPO    HITOCLI      103  132  289  102    502
OPO sin coincidencias    OPO    ZZZNOEXISTE   49   61   62   50      0
OPO texto + estado       OPO    Avenida      671  801  816  622  20000
VIS casa con TODO        VIS    Avenida     1531 1955 2054 1391 100000
VIS casa TODO - profunda VIS    Avenida     1411 1872 1964 1660 100000
VIS por distrito         VIS    Barranco     526  734  737  584  16667
VIS ~20 coincidencias    VIS    HITO         107  128  154  115     20
VIS texto + estado       VIS    Avenida      521  661  778  591  20000
INT casa con TODO        INT    Contacto     793  924  959  858 100000
INT casa TODO - profunda INT    Contacto     871  976 1010  911 100000
INT ~20 coincidencias    INT    HITOOBS      102  149  185   97     20
INT por captacion        INT    HITOCAP       90  102  102   98      5
INT por cliente          INT    HITOCLI       79   91  110   77    126
INT texto + canal        INT    Contacto     245  311  391  255  14285




== 7. Sin texto: la referencia de cada bandeja ==

Escenario                Modulo Termino  p50  p95 Peor Frio   Casa
---------                ------ -------  ---  --- ---- ----   ----
OPO sin texto - pagina 1 OPO             428  514  628  277 100001
OPO sin texto - profunda OPO             929 1205 1344  706 100001
VIS sin texto - pagina 1 VIS             764  917  937  353 100001
VIS sin texto - profunda VIS            1722 2239 2278 1183 100001
INT sin texto - pagina 1 INT             109  136  138  130 100001
INT sin texto - profunda INT             546  762  819  241 100001



  OK   OPO casa con TODO: el termino 'Avenida' tiene su medida aislada
  OK   OPO casa TODO - profunda: el termino 'Avenida' tiene su medida aislada
  OK   OPO medianam. selectivo: el termino 'OPD-00001' tiene su medida aislada
  OK   OPO ~20 coincidencias: el termino 'HITOOP' tiene su medida aislada
  OK   OPO por cliente: el termino 'HITOCLI' tiene su medida aislada
  OK   OPO sin coincidencias: el termino 'ZZZNOEXISTE' tiene su medida aislada
  OK   OPO texto + estado: el termino 'Avenida' tiene su medida aislada
  OK   VIS casa con TODO: el termino 'Avenida' tiene su medida aislada
  OK   VIS casa TODO - profunda: el termino 'Avenida' tiene su medida aislada
  OK   VIS por distrito: el termino 'Barranco' tiene su medida aislada
  OK   VIS ~20 coincidencias: el termino 'HITO' tiene su medida aislada
  OK   VIS texto + estado: el termino 'Avenida' tiene su medida aislada
  OK   INT casa con TODO: el termino 'Contacto' tiene su medida aislada
  OK   INT casa TODO - profunda: el termino 'Contacto' tiene su medida aislada
  OK   INT ~20 coincidencias: el termino 'HITOOBS' tiene su medida aislada
  OK   INT por captacion: el termino 'HITOCAP' tiene su medida aislada
  OK   INT por cliente: el termino 'HITOCLI' tiene su medida aislada
  OK   INT texto + canal: el termino 'Contacto' tiene su medida aislada

== 8. Criterio 1: busqueda DISCRIMINANTE ==
   (9 escenarios; el termino acota de verdad el conjunto)
  OK   p95 de la busqueda discriminante < 1000 ms
  OK   peor observado de la busqueda discriminante < 2000 ms

== 9. Criterio 2: busqueda NO DISCRIMINANTE ==
   (9 escenarios con >= 90000 coincidencias)
  OK   OPO casa con TODO: bajo RC-003 (< 3000 ms)
  OK   OPO casa TODO - profunda: bajo RC-003 (< 3000 ms)
  OK   OPO texto + estado: bajo RC-003 (< 3000 ms)
  OK   VIS casa con TODO: bajo RC-003 (< 3000 ms)
  OK   VIS casa TODO - profunda: bajo RC-003 (< 3000 ms)
  OK   VIS texto + estado: bajo RC-003 (< 3000 ms)
  OK   INT casa con TODO: bajo RC-003 (< 3000 ms)
  OK   INT casa TODO - profunda: bajo RC-003 (< 3000 ms)
  OK   INT texto + canal: bajo RC-003 (< 3000 ms)

   Evidencia (NO es umbral): las dos profundidades de cada modulo

Modulo Profundidad ConTexto SinTexto Razon Lectura                 
------ ----------- -------- -------- ----- -------                 
OPO    pagina 1        1253      514  2.44 la busqueda cuesta MAS  
OPO    profunda        1115     1205  0.93 la busqueda cuesta MENOS
OPO    pagina 1         801      514  1.56 la busqueda cuesta MAS  
VIS    pagina 1        1955      917  2.13 la busqueda cuesta MAS  
VIS    profunda        1872     2239  0.84 la busqueda cuesta MENOS
VIS    pagina 1         661      917  0.72 la busqueda cuesta MENOS
INT    pagina 1         924      136  6.79 la busqueda cuesta MAS  
INT    profunda         976      762  1.28 la busqueda cuesta MAS  
INT    pagina 1         311      136  2.29 la busqueda cuesta MAS  



  OK   OPO : el criterio 2 registra las dos profundidades
  OK   VIS : el criterio 2 registra las dos profundidades
  OK   INT : el criterio 2 registra las dos profundidades

== 10. Criterio 3: paginacion PROFUNDA ==
  OK   la paginacion profunda se mantiene bajo RC-003 (< 3000 ms)
        pendiente registrado: sustituir OFFSET por paginacion por cursor/keyset.
  OK   la llamada en frio respeta RC-003 (< 3000 ms)

== 11. Planes: cada rama entra por su indice, ninguna tabla se recorre entera ==
Aggregate  (cost=661.23..661.24 rows=1 width=8) (actual time=0.930..0.936 rows=1 loops=1)
  Buffers: shared hit=95
  ->  HashAggregate  (cost=650.57..655.31 rows=474 width=8) (actual time=0.917..0.929 rows=20 loops=1)
        Group Key: o.id_oportunidad
        Batches: 1  Memory Usage: 49kB
        Buffers: shared hit=95
        ->  Append  (cost=39.20..649.38 rows=474 width=8) (actual time=0.232..0.906 rows=20 loops=1)
              Buffers: shared hit=95
              ->  Nested Loop  (cost=39.20..123.76 rows=10 width=8) (actual time=0.231..0.607 rows=20 loops=1)
                    Buffers: shared hit=70
                    ->  Bitmap Heap Scan on oportunidad_comercial o  (cost=38.91..76.66 rows=10 width=16) (actual time=0.196..0.372 rows=20 loops=1)
                          Recheck Cond: (lower((codigo_oportunidad)::text) ~~ '%hitoop%'::text)
                          Filter: (organizacion_id = 1)
                          Heap Blocks: exact=20
                          Buffers: shared hit=29
                          ->  Bitmap Index Scan on ix_oportunidad_codigo_trgm  (cost=0.00..38.91 rows=10 width=0) (actual time=0.166..0.166 rows=20 loops=1)
                                Index Cond: (lower((codigo_oportunidad)::text) ~~ '%hitoop%'::text)
                                Buffers: shared hit=9
                    ->  Index Only Scan using captacion_pkey on captacion cap  (cost=0.29..4.71 rows=1 width=8) (actual time=0.011..0.011 rows=1 loops=20)
                          Index Cond: (id_captacion = o.id_captacion)
                          Heap Fetches: 0
                          Buffers: shared hit=41
              ->  Nested Loop  (cost=39.20..159.77 rows=10 width=8) (actual time=0.030..0.031 rows=0 loops=1)
                    Buffers: shared hit=9
                    ->  Bitmap Heap Scan on captacion cap_1  (cost=38.91..76.55 rows=10 width=8) (actual time=0.030..0.030 rows=0 loops=1)
                          Recheck Cond: (lower((codigo_captacion)::text) ~~ '%hitoop%'::text)
                          Buffers: shared hit=9
                          ->  Bitmap Index Scan on ix_captacion_codigo_trgm  (cost=0.00..38.91 rows=10 width=0) (actual time=0.023..0.023 rows=0 loops=1)
                                Index Cond: (lower((codigo_captacion)::text) ~~ '%hitoop%'::text)
                                Buffers: shared hit=9
                    ->  Index Scan using ix_oportunidad_captacion on oportunidad_comercial o_1  (cost=0.29..8.31 rows=1 width=16) (never executed)
                          Index Cond: (id_captacion = cap_1.id_captacion)
                          Filter: (organizacion_id = 1)
              ->  Nested Loop  (cost=39.49..164.03 rows=10 width=8) (actual time=0.020..0.020 rows=0 loops=1)
                    Buffers: shared hit=9
                    ->  Nested Loop  (cost=39.20..160.08 rows=10 width=8) (actual time=0.019..0.020 rows=0 loops=1)
                          Buffers: shared hit=9
                          ->  Bitmap Heap Scan on propiedad prop  (cost=38.91..76.88 rows=10 width=8) (actual time=0.019..0.019 rows=0 loops=1)
                                Recheck Cond: (lower((direccion)::text) ~~ '%hitoop%'::text)
                                Buffers: shared hit=9
                                ->  Bitmap Index Scan on ix_propiedad_direccion_trgm  (cost=0.00..38.91 rows=10 width=0) (actual time=0.017..0.017 rows=0 loops=1)
                                      Index Cond: (lower((direccion)::text) ~~ '%hitoop%'::text)
                                      Buffers: shared hit=9
                          ->  Index Scan using ix_captacion_propiedad on captacion cap_2  (cost=0.29..8.31 rows=1 width=16) (never executed)
                                Index Cond: (id_propiedad = prop.id_propiedad)
                    ->  Index Scan using ix_oportunidad_captacion on oportunidad_comercial o_2  (cost=0.29..0.39 rows=1 width=16) (never executed)
                          Index Cond: (id_captacion = cap_2.id_captacion)
                          Filter: (organizacion_id = 1)
              ->  Nested Loop  (cost=8.97..199.45 rows=444 width=8) (actual time=0.238..0.239 rows=0 loops=1)
                    Buffers: shared hit=7
                    ->  Nested Loop  (cost=8.68..56.87 rows=444 width=16) (actual time=0.237..0.239 rows=0 loops=1)
                          Buffers: shared hit=7
                          ->  Hash Join  (cost=8.39..14.50 rows=1 width=8) (actual time=0.237..0.238 rows=0 loops=1)
                                Hash Cond: (prcli.id_persona = percli.id_persona)
                                Buffers: shared hit=7
                                ->  Seq Scan on persona_rol prcli  (cost=0.00..5.46 rows=246 width=16) (actual time=0.013..0.013 rows=1 loops=1)
                                      Buffers: shared hit=2
                                ->  Hash  (cost=8.38..8.38 rows=1 width=8) (actual time=0.184..0.185 rows=0 loops=1)
                                      Buckets: 1024  Batches: 1  Memory Usage: 8kB
                                      Buffers: shared hit=5
                                      ->  Seq Scan on persona percli  (cost=0.00..8.38 rows=1 width=8) (actual time=0.184..0.184 rows=0 loops=1)
                                            Filter: (lower((nombres_o_razon_social)::text) ~~ '%hitoop%'::text)
                                            Rows Removed by Filter: 225
                                            Buffers: shared hit=5
                          ->  Index Scan using ix_oportunidad_cliente on oportunidad_comercial o_3  (cost=0.29..37.37 rows=500 width=24) (never executed)
                                Index Cond: (id_rol_cliente = prcli.id_persona_rol)
                                Filter: (organizacion_id = 1)
                    ->  Index Only Scan using captacion_pkey on captacion cap_3  (cost=0.29..0.32 rows=1 width=8) (never executed)
                          Index Cond: (id_captacion = o_3.id_captacion)
                          Heap Fetches: 0
Planning:
  Buffers: shared hit=930
Planning Time: 22.026 ms
Execution Time: 1.856 ms
  OK   plan de oportunidades: cada rama grande entra por su trigrama
  OK   plan de oportunidades: sin Seq Scan de las tablas grandes
Aggregate  (cost=477.52..477.53 rows=1 width=8) (actual time=1.091..1.099 rows=1 loops=1)
  Buffers: shared hit=44
  ->  Unique  (cost=475.04..475.75 rows=142 width=8) (actual time=1.066..1.089 rows=20 loops=1)
        Buffers: shared hit=44
        ->  Sort  (cost=475.04..475.39 rows=142 width=8) (actual time=1.064..1.075 rows=20 loops=1)
              Sort Key: i.id_interaccion
              Sort Method: quicksort  Memory: 25kB
              Buffers: shared hit=44
              ->  Append  (cost=51.72..469.96 rows=142 width=8) (actual time=0.288..0.957 rows=20 loops=1)
                    Buffers: shared hit=41
                    ->  Bitmap Heap Scan on interaccion_comercial i  (cost=51.72..89.54 rows=10 width=8) (actual time=0.287..0.328 rows=20 loops=1)
                          Recheck Cond: (lower(observaciones) ~~ '%hitoobs%'::text)
                          Filter: (organizacion_id = 1)
                          Heap Blocks: exact=1
                          Buffers: shared hit=12
                          ->  Bitmap Index Scan on ix_interaccion_observaciones_trgm  (cost=0.00..51.71 rows=10 width=0) (actual time=0.117..0.117 rows=20 loops=1)
                                Index Cond: (lower(observaciones) ~~ '%hitoobs%'::text)
                                Buffers: shared hit=11
                    ->  Nested Loop  (cost=47.88..165.52 rows=10 width=8) (actual time=0.151..0.152 rows=0 loops=1)
                          Buffers: shared hit=11
                          ->  Bitmap Heap Scan on prospeccion pro  (cost=47.59..85.14 rows=10 width=8) (actual time=0.150..0.150 rows=0 loops=1)
                                Recheck Cond: (lower((codigo_prospeccion)::text) ~~ '%hitoobs%'::text)
                                Buffers: shared hit=11
                                ->  Bitmap Index Scan on ix_prospeccion_codigo_trgm  (cost=0.00..47.59 rows=10 width=0) (actual time=0.131..0.131 rows=0 loops=1)
                                      Index Cond: (lower((codigo_prospeccion)::text) ~~ '%hitoobs%'::text)
                                      Buffers: shared hit=11
                          ->  Index Scan using ix_interaccion_prospeccion on interaccion_comercial i_1  (cost=0.29..7.99 rows=5 width=16) (never executed)
                                Index Cond: (id_prospeccion = pro.id_prospeccion)
                                Filter: (organizacion_id = 1)
                    ->  Nested Loop  (cost=47.88..168.41 rows=10 width=8) (actual time=0.060..0.061 rows=0 loops=1)
                          Buffers: shared hit=11
                          ->  Bitmap Heap Scan on captacion cap  (cost=47.59..85.23 rows=10 width=8) (actual time=0.059..0.060 rows=0 loops=1)
                                Recheck Cond: (lower((codigo_captacion)::text) ~~ '%hitoobs%'::text)
                                Buffers: shared hit=11
                                ->  Bitmap Index Scan on ix_captacion_codigo_trgm  (cost=0.00..47.59 rows=10 width=0) (actual time=0.051..0.051 rows=0 loops=1)
                                      Index Cond: (lower((codigo_captacion)::text) ~~ '%hitoobs%'::text)
                                      Buffers: shared hit=11
                          ->  Index Scan using ix_interaccion_captacion on interaccion_comercial i_2  (cost=0.29..8.31 rows=1 width=16) (never executed)
                                Index Cond: (id_captacion = cap.id_captacion)
                                Filter: (organizacion_id = 1)
                    ->  Nested Loop  (cost=8.67..45.79 rows=112 width=8) (actual time=0.403..0.406 rows=0 loops=1)
                          Buffers: shared hit=7
                          ->  Hash Join  (cost=8.39..14.50 rows=1 width=8) (actual time=0.403..0.404 rows=0 loops=1)
                                Hash Cond: (prcli.id_persona = percli.id_persona)
                                Buffers: shared hit=7
                                ->  Seq Scan on persona_rol prcli  (cost=0.00..5.46 rows=246 width=16) (actual time=0.014..0.014 rows=1 loops=1)
                                      Buffers: shared hit=2
                                ->  Hash  (cost=8.38..8.38 rows=1 width=8) (actual time=0.331..0.332 rows=0 loops=1)
                                      Buckets: 1024  Batches: 1  Memory Usage: 8kB
                                      Buffers: shared hit=5
                                      ->  Seq Scan on persona percli  (cost=0.00..8.38 rows=1 width=8) (actual time=0.330..0.330 rows=0 loops=1)
                                            Filter: (lower((nombres_o_razon_social)::text) ~~ '%hitoobs%'::text)
                                            Rows Removed by Filter: 225
                                            Buffers: shared hit=5
                          ->  Index Scan using ix_interaccion_cliente on interaccion_comercial i_3  (cost=0.29..30.01 rows=127 width=16) (never executed)
                                Index Cond: (id_rol_cliente = prcli.id_persona_rol)
                                Filter: (organizacion_id = 1)
Planning:
  Buffers: shared hit=809
Planning Time: 27.418 ms
Execution Time: 2.369 ms
  OK   plan de interacciones: entra por los trigramas de observaciones y codigos
  OK   plan de interacciones: sin Seq Scan de las tablas grandes

-- contraste: el OR cruzado sobre el mismo banco --
Finalize Aggregate  (cost=9884.51..9884.52 rows=1 width=8) (actual time=488.701..499.624 rows=1 loops=1)
  Buffers: shared hit=4942
  ->  Gather  (cost=9884.39..9884.50 rows=1 width=8) (actual time=486.685..499.609 rows=2 loops=1)
        Workers Planned: 1
        Workers Launched: 1
        Buffers: shared hit=4942
        ->  Partial Aggregate  (cost=8884.39..8884.40 rows=1 width=8) (actual time=477.003..477.012 rows=1 loops=2)
              Buffers: shared hit=4942
              ->  Hash Join  (cost=5989.70..8884.33 rows=24 width=0) (actual time=187.047..476.983 rows=10 loops=2)
                    Hash Cond: (prcli.id_persona = percli.id_persona)
                    Join Filter: ((lower((o.codigo_oportunidad)::text) ~~ '%hitoop%'::text) OR (lower((cap.codigo_captacion)::text) ~~ '%hitoop%'::text) OR (lower((prop.direccion)::text) ~~ '%hitoop%'::text) OR (lower((percli.nombres_o_razon_social)::text) ~~ '%hitoop%'::text))
                    Rows Removed by Join Filter: 49990
                    Buffers: shared hit=4942
                    ->  Hash Join  (cost=5979.64..8719.86 rows=58824 width=54) (actual time=117.961..276.018 rows=50000 loops=2)
                          Hash Cond: (o.id_rol_cliente = prcli.id_persona_rol)
                          Buffers: shared hit=4869
                          ->  Parallel Hash Join  (cost=5971.10..8554.25 rows=58824 width=54) (actual time=117.665..244.675 rows=50000 loops=2)
                                Hash Cond: (cap.id_propiedad = prop.id_propiedad)
                                Buffers: shared hit=4863
                                ->  Parallel Hash Join  (cost=2752.54..5181.27 rows=58824 width=41) (actual time=62.777..139.983 rows=50000 loops=2)
                                      Hash Cond: (o.id_captacion = cap.id_captacion)
                                      Buffers: shared hit=2968
                                      ->  Parallel Seq Scan on oportunidad_comercial o  (cost=0.00..2274.30 rows=58824 width=28) (actual time=0.035..26.224 rows=50000 loops=2)
                                            Filter: (organizacion_id = 1)
                                            Buffers: shared hit=1539
                                      ->  Parallel Hash  (cost=2017.24..2017.24 rows=58824 width=29) (actual time=61.993..61.994 rows=50000 loops=2)
                                            Buckets: 131072  Batches: 1  Memory Usage: 7328kB
                                            Buffers: shared hit=1429
                                            ->  Parallel Seq Scan on captacion cap  (cost=0.00..2017.24 rows=58824 width=29) (actual time=0.019..19.677 rows=50000 loops=2)
                                                  Buffers: shared hit=1429
                                ->  Parallel Hash  (cost=2483.25..2483.25 rows=58825 width=29) (actual time=53.265..53.266 rows=50001 loops=2)
                                      Buckets: 131072  Batches: 1  Memory Usage: 7328kB
                                      Buffers: shared hit=1895
                                      ->  Parallel Seq Scan on propiedad prop  (cost=0.00..2483.25 rows=58825 width=29) (actual time=0.016..18.817 rows=50001 loops=2)
                                            Buffers: shared hit=1895
                          ->  Hash  (cost=5.46..5.46 rows=246 width=16) (actual time=0.244..0.244 rows=246 loops=2)
                                Buckets: 1024  Batches: 1  Memory Usage: 20kB
                                Buffers: shared hit=6
                                ->  Seq Scan on persona_rol prcli  (cost=0.00..5.46 rows=246 width=16) (actual time=0.039..0.117 rows=246 loops=2)
                                      Buffers: shared hit=6
                    ->  Hash  (cost=7.25..7.25 rows=225 width=27) (actual time=0.239..0.240 rows=225 loops=2)
                          Buckets: 1024  Batches: 1  Memory Usage: 21kB
                          Buffers: shared hit=10
                          ->  Seq Scan on persona percli  (cost=0.00..7.25 rows=225 width=27) (actual time=0.036..0.129 rows=225 loops=2)
                                Buffers: shared hit=10
Planning:
  Buffers: shared hit=974
Planning Time: 32.452 ms
Execution Time: 500.150 ms
  OK   el OR cruzado SI cae a Seq Scan (justifica la reescritura)

== 12. Guarda estatica: el listado ya no recibe el texto ==
  OK   OportunidadComercialRepository.java: el listado JPQL no recibe texto libre
  OK   VisitaRepository.java: el listado JPQL no recibe texto libre
  OK   InteraccionComercialRepository.java: el listado JPQL no recibe texto libre

== Limpieza: la base exclusiva de la corrida se elimina entera ==
  OK   el banco vive en la base efimera de la corrida (se elimina entera)

===== 69 OK / 0 FALLAS =====
 Container controllocal-api-e2e-20260803100511-9197 Stopping 
 Container controllocal-api-e2e-20260803100511-9197 Stopped 
 Container controllocal-api-e2e-20260803100511-9197 Removing 
 Container controllocal-api-e2e-20260803100511-9197 Removed 
 Container controllocal-postgres-e2e-20260803100511-9197 Stopping 
 Container controllocal-postgres-e2e-20260803100511-9197 Stopped 
 Container controllocal-postgres-e2e-20260803100511-9197 Removing 
 Container controllocal-postgres-e2e-20260803100511-9197 Removed 
 Network controllocal-e2e-20260803100511-9197_default Removing 
 Network controllocal-e2e-20260803100511-9197_default Removed 
Base controllocal_e2e_20260803100511_9197 y su entorno eliminados en 3.4 s.
Entorno 20260803100511-9197 eliminado: sin contenedores, volumenes ni red residuales.
