
== Entorno E2E aislado 20260803070905-9444 ==
Base: controllocal_e2e_20260803070905_9444
powershell :  Network controllocal-e2e-20260803070905-9444_default Creating 
En línea: 1 Carácter: 374
+ ... lyContinue; powershell -NoProfile -ExecutionPolicy Bypass -File D:\in ...
+                 ~~~~~~~~~~~~~~~~~~~~~~~~~~~~~~~~~~~~~~~~~~~~~~~~~~~~~~~~~
    + CategoryInfo          : NotSpecified: ( Network contro...fault Creating :String) [], RemoteException
    + FullyQualifiedErrorId : NativeCommandError
 
 Network controllocal-e2e-20260803070905-9444_default Created 
 Container controllocal-postgres-e2e-20260803070905-9444 Creating 
 Container controllocal-postgres-e2e-20260803070905-9444 Created 
 Container controllocal-api-e2e-20260803070905-9444 Creating 
 Container controllocal-api-e2e-20260803070905-9444 Created 
 Container controllocal-postgres-e2e-20260803070905-9444 Starting 
 Container controllocal-postgres-e2e-20260803070905-9444 Started 
 Container controllocal-postgres-e2e-20260803070905-9444 Waiting 
 Container controllocal-postgres-e2e-20260803070905-9444 Healthy 
 Container controllocal-api-e2e-20260803070905-9444 Starting 
 Container controllocal-api-e2e-20260803070905-9444 Started 
 Container controllocal-postgres-e2e-20260803070905-9444 Waiting 
 Container controllocal-api-e2e-20260803070905-9444 Waiting 
 Container controllocal-api-e2e-20260803070905-9444 Healthy 
 Container controllocal-postgres-e2e-20260803070905-9444 Healthy 

== Suite demanda-busqueda / corrida 20260803070905-9444 ==

== 1. Login ==
  OK   login del administrador

== 2. Banco de 100000 filas por tabla ==
  OK   el seed aporta agente y propietario para colgar el banco
  OK   el banco tiene 100000 oportunidades
  OK   el banco tiene 100000 visitas
  OK   el banco tiene 100000 interacciones

== 3. Semantica: cada rama casa lo suyo y no duplica ==
  OK   rama direccion: el testigo HITO casa y no duplica
  OK   rama codigo de oportunidad: HITOOP casa 20
  OK   rama codigo de captacion: HITOCAP casa 20
  OK   rama nombre del cliente: HITOCLI casa solo sus oportunidades
  OK   un texto sin coincidencias devuelve vacio y total 0
  OK   visitas, rama direccion: el testigo casa y no duplica
  OK   visitas, rama distrito: casa el sexto de la cartera
  OK   interacciones, rama observaciones: HITOOBS casa los suyos
  OK   interacciones, rama codigo de captacion
  OK   interacciones, rama codigo de prospeccion
  OK   interacciones, rama nombre del cliente

== 4. Conteo y pagina miran el mismo conjunto ==
  OK   paginar el conjunto entero devuelve exactamente el total
  OK   las paginas no repiten filas
  OK   el orden es estable y descendente entre paginas
  OK   la pagina posterior a la ultima viaja vacia y conserva el total

== 5. El KPI sale del MISMO conjunto que la lista ==
  OK   resumen de oportunidades: el total cuadra con la lista
  OK   resumen de oportunidades: los cubos suman el total
  OK   el cubo de abiertas coincide con el filtro de la lista
  OK   resumen de visitas: el total cuadra con la lista
  OK   resumen de visitas: los cubos suman el total
  OK   el cubo de programadas coincide con el filtro de la lista

== 6. Rendimiento del texto libre ==

Escenario                Modulo Termino      p50  p95 Peor Frio   Casa
---------                ------ -------      ---  --- ---- ----   ----
OPO casa con TODO        OPO    Avenida     1035 1192 1657  938 100000
OPO casa TODO - profunda OPO    Avenida     1079 1208 1272  997 100000
OPO medianam. selectivo  OPO    OPD-00001    132  152  166  164    100
OPO ~20 coincidencias    OPO    HITOOP       118  179  196  100     20
OPO por cliente          OPO    HITOCLI       94  110  110  110    502
OPO sin coincidencias    OPO    ZZZNOEXISTE   51   56   59   54      0
OPO texto + estado       OPO    Avenida      675  798  853  889  20000
VIS casa con TODO        VIS    Avenida     1442 1873 1897 1572 100000
VIS casa TODO - profunda VIS    Avenida     1435 1977 3309 1356 100000
VIS por distrito         VIS    Barranco     476  558  667  462  16667
VIS ~20 coincidencias    VIS    HITO          84  101  173   89     20
VIS texto + estado       VIS    Avenida      480  545  615  538  20000
INT casa con TODO        INT    Contacto     738  881  920  893 100000
INT casa TODO - profunda INT    Contacto     793  889  939  759 100000
INT ~20 coincidencias    INT    HITOOBS      104  129  133  108     20
INT por captacion        INT    HITOCAP       93  110  147  150      5
INT por cliente          INT    HITOCLI       83   94  100   81    126
INT texto + canal        INT    Contacto     251  281  371  248  14285




== 7. Sin texto: la referencia de cada bandeja ==

Escenario                Modulo Termino  p50  p95 Peor Frio   Casa
---------                ------ -------  ---  --- ---- ----   ----
OPO sin texto - pagina 1 OPO             440  638  857  324 100001
OPO sin texto - profunda OPO             896 1099 1103  692 100001
VIS sin texto - pagina 1 VIS             707  790  796  302 100001
VIS sin texto - profunda VIS            1599 1721 1769 1055 100001
INT sin texto - pagina 1 INT             105  148 2159  118 100001
INT sin texto - profunda INT             489  566  634  195 100001



  OK   OPO casa con TODO: el termino 'Avenida' tiene su medida aislada
  OK   OPO casa TODO - profunda: el termino 'Avenida' tiene su medida aislada
  OK   OPO medianam. selectivo: el termino 'OPD-00001' tiene su medida aislada
  OK   OPO ~20 coincidencias: el termino 'HITOOP' tiene su medida aislada
  OK   OPO por cliente: el termino 'HITOCLI' tiene su medida aislada
  OK   OPO sin coincidencias: el termino 'ZZZNOEXISTE' tiene su medida aislada
  OK   OPO texto + estado: el termino 'Avenida' tiene su medida aislada
  OK   VIS casa con TODO: el termino 'Avenida' tiene su medida aislada
  OK   VIS casa TODO - profunda: el termino 'Avenida' tiene su medida aislada
  OK   VIS por distrito: el termino 'Barranco' tiene su medida aislada
  OK   VIS ~20 coincidencias: el termino 'HITO' tiene su medida aislada
  OK   VIS texto + estado: el termino 'Avenida' tiene su medida aislada
  OK   INT casa con TODO: el termino 'Contacto' tiene su medida aislada
  OK   INT casa TODO - profunda: el termino 'Contacto' tiene su medida aislada
  OK   INT ~20 coincidencias: el termino 'HITOOBS' tiene su medida aislada
  OK   INT por captacion: el termino 'HITOCAP' tiene su medida aislada
  OK   INT por cliente: el termino 'HITOCLI' tiene su medida aislada
  OK   INT texto + canal: el termino 'Contacto' tiene su medida aislada

== 8. Criterio 1: busqueda DISCRIMINANTE ==
   (9 escenarios; el termino acota de verdad el conjunto)
  OK   p95 de la busqueda discriminante < 1000 ms
  OK   peor observado de la busqueda discriminante < 2000 ms

== 9. Criterio 2: busqueda NO DISCRIMINANTE ==
   (9 escenarios con >= 90000 coincidencias)
  OK   OPO casa con TODO: bajo RC-003 (< 3000 ms)
  OK   OPO casa TODO - profunda: bajo RC-003 (< 3000 ms)
  OK   OPO texto + estado: bajo RC-003 (< 3000 ms)
  OK   VIS casa con TODO: bajo RC-003 (< 3000 ms)
  OK   VIS casa TODO - profunda: bajo RC-003 (< 3000 ms)
  OK   VIS texto + estado: bajo RC-003 (< 3000 ms)
  OK   INT casa con TODO: bajo RC-003 (< 3000 ms)
  OK   INT casa TODO - profunda: bajo RC-003 (< 3000 ms)
  OK   INT texto + canal: bajo RC-003 (< 3000 ms)

   Evidencia (NO es umbral): las dos profundidades de cada modulo

Modulo Profundidad ConTexto SinTexto Razon Lectura                 
------ ----------- -------- -------- ----- -------                 
OPO    pagina 1        1192      638  1.87 la busqueda cuesta MAS  
OPO    profunda        1208     1099   1.1 la busqueda cuesta MAS  
OPO    pagina 1         798      638  1.25 la busqueda cuesta MAS  
VIS    pagina 1        1873      790  2.37 la busqueda cuesta MAS  
VIS    profunda        1977     1721  1.15 la busqueda cuesta MAS  
VIS    pagina 1         545      790  0.69 la busqueda cuesta MENOS
INT    pagina 1         881      148  5.95 la busqueda cuesta MAS  
INT    profunda         889      566  1.57 la busqueda cuesta MAS  
INT    pagina 1         281      148   1.9 la busqueda cuesta MAS  



  OK   OPO : el criterio 2 registra las dos profundidades
  OK   VIS : el criterio 2 registra las dos profundidades
  OK   INT : el criterio 2 registra las dos profundidades

== 10. Criterio 3: paginacion PROFUNDA ==
  FALLA la paginacion profunda se mantiene bajo RC-003 (< 3000 ms) -> peor=3309 ms
        pendiente registrado: sustituir OFFSET por paginacion por cursor/keyset.
  OK   la llamada en frio respeta RC-003 (< 3000 ms)

== 11. Planes: cada rama entra por su indice, ninguna tabla se recorre entera ==
Aggregate  (cost=661.23..661.24 rows=1 width=8) (actual time=1.083..1.092 rows=1 loops=1)
  Buffers: shared hit=96
  ->  HashAggregate  (cost=650.57..655.31 rows=474 width=8) (actual time=1.063..1.082 rows=20 loops=1)
        Group Key: o.id_oportunidad
        Batches: 1  Memory Usage: 49kB
        Buffers: shared hit=96
        ->  Append  (cost=39.20..649.38 rows=474 width=8) (actual time=0.142..1.048 rows=20 loops=1)
              Buffers: shared hit=96
              ->  Nested Loop  (cost=39.20..123.76 rows=10 width=8) (actual time=0.141..0.601 rows=20 loops=1)
                    Buffers: shared hit=71
                    ->  Bitmap Heap Scan on oportunidad_comercial o  (cost=38.91..76.66 rows=10 width=16) (actual time=0.102..0.334 rows=20 loops=1)
                          Recheck Cond: (lower((codigo_oportunidad)::text) ~~ '%hitoop%'::text)
                          Filter: (organizacion_id = 1)
                          Heap Blocks: exact=20
                          Buffers: shared hit=29
                          ->  Bitmap Index Scan on ix_oportunidad_codigo_trgm  (cost=0.00..38.91 rows=10 width=0) (actual time=0.072..0.072 rows=20 loops=1)
                                Index Cond: (lower((codigo_oportunidad)::text) ~~ '%hitoop%'::text)
                                Buffers: shared hit=9
                    ->  Index Only Scan using captacion_pkey on captacion cap  (cost=0.29..4.71 rows=1 width=8) (actual time=0.012..0.012 rows=1 loops=20)
                          Index Cond: (id_captacion = o.id_captacion)
                          Heap Fetches: 1
                          Buffers: shared hit=42
              ->  Nested Loop  (cost=39.20..159.77 rows=10 width=8) (actual time=0.055..0.057 rows=0 loops=1)
                    Buffers: shared hit=9
                    ->  Bitmap Heap Scan on captacion cap_1  (cost=38.91..76.55 rows=10 width=8) (actual time=0.055..0.055 rows=0 loops=1)
                          Recheck Cond: (lower((codigo_captacion)::text) ~~ '%hitoop%'::text)
                          Buffers: shared hit=9
                          ->  Bitmap Index Scan on ix_captacion_codigo_trgm  (cost=0.00..38.91 rows=10 width=0) (actual time=0.042..0.042 rows=0 loops=1)
                                Index Cond: (lower((codigo_captacion)::text) ~~ '%hitoop%'::text)
                                Buffers: shared hit=9
                    ->  Index Scan using ix_oportunidad_captacion on oportunidad_comercial o_1  (cost=0.29..8.31 rows=1 width=16) (never executed)
                          Index Cond: (id_captacion = cap_1.id_captacion)
                          Filter: (organizacion_id = 1)
              ->  Nested Loop  (cost=39.49..164.03 rows=10 width=8) (actual time=0.023..0.025 rows=0 loops=1)
                    Buffers: shared hit=9
                    ->  Nested Loop  (cost=39.20..160.08 rows=10 width=8) (actual time=0.023..0.024 rows=0 loops=1)
                          Buffers: shared hit=9
                          ->  Bitmap Heap Scan on propiedad prop  (cost=38.91..76.88 rows=10 width=8) (actual time=0.022..0.022 rows=0 loops=1)
                                Recheck Cond: (lower((direccion)::text) ~~ '%hitoop%'::text)
                                Buffers: shared hit=9
                                ->  Bitmap Index Scan on ix_propiedad_direccion_trgm  (cost=0.00..38.91 rows=10 width=0) (actual time=0.019..0.019 rows=0 loops=1)
                                      Index Cond: (lower((direccion)::text) ~~ '%hitoop%'::text)
                                      Buffers: shared hit=9
                          ->  Index Scan using ix_captacion_propiedad on captacion cap_2  (cost=0.29..8.31 rows=1 width=16) (never executed)
                                Index Cond: (id_propiedad = prop.id_propiedad)
                    ->  Index Scan using ix_oportunidad_captacion on oportunidad_comercial o_2  (cost=0.29..0.39 rows=1 width=16) (never executed)
                          Index Cond: (id_captacion = cap_2.id_captacion)
                          Filter: (organizacion_id = 1)
              ->  Nested Loop  (cost=8.97..199.45 rows=444 width=8) (actual time=0.354..0.357 rows=0 loops=1)
                    Buffers: shared hit=7
                    ->  Nested Loop  (cost=8.68..56.87 rows=444 width=16) (actual time=0.354..0.356 rows=0 loops=1)
                          Buffers: shared hit=7
                          ->  Hash Join  (cost=8.39..14.50 rows=1 width=8) (actual time=0.353..0.354 rows=0 loops=1)
                                Hash Cond: (prcli.id_persona = percli.id_persona)
                                Buffers: shared hit=7
                                ->  Seq Scan on persona_rol prcli  (cost=0.00..5.46 rows=246 width=16) (actual time=0.013..0.013 rows=1 loops=1)
                                      Buffers: shared hit=2
                                ->  Hash  (cost=8.38..8.38 rows=1 width=8) (actual time=0.304..0.305 rows=0 loops=1)
                                      Buckets: 1024  Batches: 1  Memory Usage: 8kB
                                      Buffers: shared hit=5
                                      ->  Seq Scan on persona percli  (cost=0.00..8.38 rows=1 width=8) (actual time=0.303..0.303 rows=0 loops=1)
                                            Filter: (lower((nombres_o_razon_social)::text) ~~ '%hitoop%'::text)
                                            Rows Removed by Filter: 225
                                            Buffers: shared hit=5
                          ->  Index Scan using ix_oportunidad_cliente on oportunidad_comercial o_3  (cost=0.29..37.37 rows=500 width=24) (never executed)
                                Index Cond: (id_rol_cliente = prcli.id_persona_rol)
                                Filter: (organizacion_id = 1)
                    ->  Index Only Scan using captacion_pkey on captacion cap_3  (cost=0.29..0.32 rows=1 width=8) (never executed)
                          Index Cond: (id_captacion = o_3.id_captacion)
                          Heap Fetches: 0
Planning:
  Buffers: shared hit=935
Planning Time: 28.304 ms
Execution Time: 2.749 ms
  OK   plan de oportunidades: cada rama grande entra por su trigrama
  OK   plan de oportunidades: sin Seq Scan de las tablas grandes
Aggregate  (cost=477.34..477.35 rows=1 width=8) (actual time=0.540..0.546 rows=1 loops=1)
  Buffers: shared hit=44
  ->  Unique  (cost=474.89..475.59 rows=140 width=8) (actual time=0.524..0.538 rows=20 loops=1)
        Buffers: shared hit=44
        ->  Sort  (cost=474.89..475.24 rows=140 width=8) (actual time=0.521..0.528 rows=20 loops=1)
              Sort Key: i.id_interaccion
              Sort Method: quicksort  Memory: 25kB
              Buffers: shared hit=44
              ->  Append  (cost=51.72..469.90 rows=140 width=8) (actual time=0.094..0.443 rows=20 loops=1)
                    Buffers: shared hit=41
                    ->  Bitmap Heap Scan on interaccion_comercial i  (cost=51.72..89.54 rows=10 width=8) (actual time=0.093..0.117 rows=20 loops=1)
                          Recheck Cond: (lower(observaciones) ~~ '%hitoobs%'::text)
                          Filter: (organizacion_id = 1)
                          Heap Blocks: exact=1
                          Buffers: shared hit=12
                          ->  Bitmap Index Scan on ix_interaccion_observaciones_trgm  (cost=0.00..51.71 rows=10 width=0) (actual time=0.066..0.066 rows=20 loops=1)
                                Index Cond: (lower(observaciones) ~~ '%hitoobs%'::text)
                                Buffers: shared hit=11
                    ->  Nested Loop  (cost=47.88..165.52 rows=10 width=8) (actual time=0.021..0.021 rows=0 loops=1)
                          Buffers: shared hit=11
                          ->  Bitmap Heap Scan on prospeccion pro  (cost=47.59..85.14 rows=10 width=8) (actual time=0.020..0.020 rows=0 loops=1)
                                Recheck Cond: (lower((codigo_prospeccion)::text) ~~ '%hitoobs%'::text)
                                Buffers: shared hit=11
                                ->  Bitmap Index Scan on ix_prospeccion_codigo_trgm  (cost=0.00..47.59 rows=10 width=0) (actual time=0.013..0.013 rows=0 loops=1)
                                      Index Cond: (lower((codigo_prospeccion)::text) ~~ '%hitoobs%'::text)
                                      Buffers: shared hit=11
                          ->  Index Scan using ix_interaccion_prospeccion on interaccion_comercial i_1  (cost=0.29..7.99 rows=5 width=16) (never executed)
                                Index Cond: (id_prospeccion = pro.id_prospeccion)
                                Filter: (organizacion_id = 1)
                    ->  Nested Loop  (cost=47.88..168.41 rows=10 width=8) (actual time=0.047..0.048 rows=0 loops=1)
                          Buffers: shared hit=11
                          ->  Bitmap Heap Scan on captacion cap  (cost=47.59..85.23 rows=10 width=8) (actual time=0.047..0.047 rows=0 loops=1)
                                Recheck Cond: (lower((codigo_captacion)::text) ~~ '%hitoobs%'::text)
                                Buffers: shared hit=11
                                ->  Bitmap Index Scan on ix_captacion_codigo_trgm  (cost=0.00..47.59 rows=10 width=0) (actual time=0.035..0.035 rows=0 loops=1)
                                      Index Cond: (lower((codigo_captacion)::text) ~~ '%hitoobs%'::text)
                                      Buffers: shared hit=11
                          ->  Index Scan using ix_interaccion_captacion on interaccion_comercial i_2  (cost=0.29..8.31 rows=1 width=16) (never executed)
                                Index Cond: (id_captacion = cap.id_captacion)
                                Filter: (organizacion_id = 1)
                    ->  Nested Loop  (cost=8.67..45.73 rows=110 width=8) (actual time=0.249..0.251 rows=0 loops=1)
                          Buffers: shared hit=7
                          ->  Hash Join  (cost=8.39..14.50 rows=1 width=8) (actual time=0.249..0.250 rows=0 loops=1)
                                Hash Cond: (prcli.id_persona = percli.id_persona)
                                Buffers: shared hit=7
                                ->  Seq Scan on persona_rol prcli  (cost=0.00..5.46 rows=246 width=16) (actual time=0.018..0.019 rows=1 loops=1)
                                      Buffers: shared hit=2
                                ->  Hash  (cost=8.38..8.38 rows=1 width=8) (actual time=0.194..0.194 rows=0 loops=1)
                                      Buckets: 1024  Batches: 1  Memory Usage: 8kB
                                      Buffers: shared hit=5
                                      ->  Seq Scan on persona percli  (cost=0.00..8.38 rows=1 width=8) (actual time=0.193..0.194 rows=0 loops=1)
                                            Filter: (lower((nombres_o_razon_social)::text) ~~ '%hitoobs%'::text)
                                            Rows Removed by Filter: 225
                                            Buffers: shared hit=5
                          ->  Index Scan using ix_interaccion_cliente on interaccion_comercial i_3  (cost=0.29..29.97 rows=125 width=16) (never executed)
                                Index Cond: (id_rol_cliente = prcli.id_persona_rol)
                                Filter: (organizacion_id = 1)
Planning:
  Buffers: shared hit=810
Planning Time: 25.443 ms
Execution Time: 1.414 ms
  OK   plan de interacciones: entra por los trigramas de observaciones y codigos
  OK   plan de interacciones: sin Seq Scan de las tablas grandes

-- contraste: el OR cruzado sobre el mismo banco --
Finalize Aggregate  (cost=9884.51..9884.52 rows=1 width=8) (actual time=375.466..383.944 rows=1 loops=1)
  Buffers: shared hit=4942
  ->  Gather  (cost=9884.39..9884.50 rows=1 width=8) (actual time=374.004..383.930 rows=2 loops=1)
        Workers Planned: 1
        Workers Launched: 1
        Buffers: shared hit=4942
        ->  Partial Aggregate  (cost=8884.39..8884.40 rows=1 width=8) (actual time=364.625..364.633 rows=1 loops=2)
              Buffers: shared hit=4942
              ->  Hash Join  (cost=5989.70..8884.33 rows=24 width=0) (actual time=117.390..364.601 rows=10 loops=2)
                    Hash Cond: (prcli.id_persona = percli.id_persona)
                    Join Filter: ((lower((o.codigo_oportunidad)::text) ~~ '%hitoop%'::text) OR (lower((cap.codigo_captacion)::text) ~~ '%hitoop%'::text) OR (lower((prop.direccion)::text) ~~ '%hitoop%'::text) OR (lower((percli.nombres_o_razon_social)::text) ~~ '%hitoop%'::text))
                    Rows Removed by Join Filter: 49990
                    Buffers: shared hit=4942
                    ->  Hash Join  (cost=5979.64..8719.86 rows=58824 width=54) (actual time=96.422..212.660 rows=50000 loops=2)
                          Hash Cond: (o.id_rol_cliente = prcli.id_persona_rol)
                          Buffers: shared hit=4869
                          ->  Parallel Hash Join  (cost=5971.10..8554.25 rows=58824 width=54) (actual time=95.503..191.902 rows=50000 loops=2)
                                Hash Cond: (cap.id_propiedad = prop.id_propiedad)
                                Buffers: shared hit=4863
                                ->  Parallel Hash Join  (cost=2752.54..5181.27 rows=58824 width=41) (actual time=41.050..102.204 rows=50000 loops=2)
                                      Hash Cond: (o.id_captacion = cap.id_captacion)
                                      Buffers: shared hit=2968
                                      ->  Parallel Seq Scan on oportunidad_comercial o  (cost=0.00..2274.30 rows=58824 width=28) (actual time=0.020..21.756 rows=50000 loops=2)
                                            Filter: (organizacion_id = 1)
                                            Buffers: shared hit=1539
                                      ->  Parallel Hash  (cost=2017.24..2017.24 rows=58824 width=29) (actual time=40.563..40.564 rows=50000 loops=2)
                                            Buckets: 131072  Batches: 1  Memory Usage: 7328kB
                                            Buffers: shared hit=1429
                                            ->  Parallel Seq Scan on captacion cap  (cost=0.00..2017.24 rows=58824 width=29) (actual time=0.022..13.263 rows=50000 loops=2)
                                                  Buffers: shared hit=1429
                                ->  Parallel Hash  (cost=2483.25..2483.25 rows=58825 width=29) (actual time=53.108..53.109 rows=50001 loops=2)
                                      Buckets: 131072  Batches: 1  Memory Usage: 7328kB
                                      Buffers: shared hit=1895
                                      ->  Parallel Seq Scan on propiedad prop  (cost=0.00..2483.25 rows=58825 width=29) (actual time=0.021..20.255 rows=50001 loops=2)
                                            Buffers: shared hit=1895
                          ->  Hash  (cost=5.46..5.46 rows=246 width=16) (actual time=0.864..0.865 rows=246 loops=2)
                                Buckets: 1024  Batches: 1  Memory Usage: 20kB
                                Buffers: shared hit=6
                                ->  Seq Scan on persona_rol prcli  (cost=0.00..5.46 rows=246 width=16) (actual time=0.063..0.368 rows=246 loops=2)
                                      Buffers: shared hit=6
                    ->  Hash  (cost=7.25..7.25 rows=225 width=27) (actual time=0.910..0.910 rows=225 loops=2)
                          Buckets: 1024  Batches: 1  Memory Usage: 21kB
                          Buffers: shared hit=10
                          ->  Seq Scan on persona percli  (cost=0.00..7.25 rows=225 width=27) (actual time=0.050..0.297 rows=225 loops=2)
                                Buffers: shared hit=10
Planning:
  Buffers: shared hit=976
Planning Time: 20.733 ms
Execution Time: 384.449 ms
  OK   el OR cruzado SI cae a Seq Scan (justifica la reescritura)

== 12. Guarda estatica: el listado ya no recibe el texto ==
  OK   OportunidadComercialRepository.java: el listado JPQL no recibe texto libre
  OK   VisitaRepository.java: el listado JPQL no recibe texto libre
  OK   InteraccionComercialRepository.java: el listado JPQL no recibe texto libre

== Limpieza del banco ==
  OK   el banco se retira por completo

===== 68 OK / 1 FALLAS =====

== Log del API E2E antes de limpiar ==

  .   ____          _            __ _ _
 /\\ / ___'_ __ _ _(_)_ __  __ _ \ \ \ \
( ( )\___ | '_ | '_| | '_ \/ _` | \ \ \ \
 \\/  ___)| |_)| | | | | || (_| |  ) ) ) )
  '  |____| .__|_| |_|_| |_\__, | / / / /
 =========|_|==============|___/=/_/_/_/

 :: Spring Boot ::                (v3.5.7)

2026-08-03T07:09:15.864Z  INFO 1 --- [controllocal-api-v2] [           main] c.c.app.ControlLocalApplication          : Starting ControlLocalApplication v2.0.0-SNAPSHOT using Java 21.0.11 with PID 1 (/app/app.jar started by root in /)
2026-08-03T07:09:15.872Z  INFO 1 --- [controllocal-api-v2] [           main] c.c.app.ControlLocalApplication          : No active profile set, falling back to 1 default profile: "default"
2026-08-03T07:09:21.097Z  INFO 1 --- [controllocal-api-v2] [           main] .s.d.r.c.RepositoryConfigurationDelegate : Bootstrapping Spring Data JPA repositories in DEFAULT mode.
2026-08-03T07:09:21.417Z  INFO 1 --- [controllocal-api-v2] [           main] .s.d.r.c.RepositoryConfigurationDelegate : Finished Spring Data repository scanning in 285 ms. Found 33 JPA repository interfaces.
2026-08-03T07:09:24.555Z  INFO 1 --- [controllocal-api-v2] [           main] o.s.b.w.embedded.tomcat.TomcatWebServer  : Tomcat initialized with port 8090 (http)
2026-08-03T07:09:24.598Z  INFO 1 --- [controllocal-api-v2] [           main] o.apache.catalina.core.StandardService   : Starting service [Tomcat]
2026-08-03T07:09:24.598Z  INFO 1 --- [controllocal-api-v2] [           main] o.apache.catalina.core.StandardEngine    : Starting Servlet engine: [Apache Tomcat/10.1.48]
2026-08-03T07:09:24.728Z  INFO 1 --- [controllocal-api-v2] [           main] o.a.c.c.C.[.[.[/controllocal/Api]        : Initializing Spring embedded WebApplicationContext
2026-08-03T07:09:24.730Z  INFO 1 --- [controllocal-api-v2] [           main] w.s.c.ServletWebServerApplicationContext : Root WebApplicationContext: initialization completed in 8565 ms
2026-08-03T07:09:25.968Z  INFO 1 --- [controllocal-api-v2] [           main] com.zaxxer.hikari.HikariDataSource       : HikariPool-1 - Starting...
2026-08-03T07:09:26.525Z  INFO 1 --- [controllocal-api-v2] [           main] com.zaxxer.hikari.pool.HikariPool        : HikariPool-1 - Added connection org.postgresql.jdbc.PgConnection@4540c7
2026-08-03T07:09:26.529Z  INFO 1 --- [controllocal-api-v2] [           main] com.zaxxer.hikari.HikariDataSource       : HikariPool-1 - Start completed.
2026-08-03T07:09:26.628Z  INFO 1 --- [controllocal-api-v2] [           main] org.flywaydb.core.FlywayExecutor         : Database: jdbc:postgresql://postgres-e2e:5432/controllocal_e2e_20260803070905_9444 (PostgreSQL 17.10)
2026-08-03T07:09:26.844Z  INFO 1 --- [controllocal-api-v2] [           main] o.f.c.i.s.JdbcTableSchemaHistory         : Schema history table "public"."flyway_schema_history" does not exist yet
2026-08-03T07:09:26.858Z  INFO 1 --- [controllocal-api-v2] [           main] o.f.core.internal.command.DbValidate     : Successfully validated 26 migrations (execution time 00:00.148s)
2026-08-03T07:09:26.908Z  INFO 1 --- [controllocal-api-v2] [           main] o.f.c.i.s.JdbcTableSchemaHistory         : Creating Schema History table "public"."flyway_schema_history" ...
2026-08-03T07:09:27.044Z  INFO 1 --- [controllocal-api-v2] [           main] o.f.core.internal.command.DbMigrate      : Current version of schema "public": << Empty Schema >>
2026-08-03T07:09:27.091Z  INFO 1 --- [controllocal-api-v2] [           main] o.f.core.internal.command.DbMigrate      : Migrating schema "public" to version "1 - identidad party role"
2026-08-03T07:09:27.234Z  INFO 1 --- [controllocal-api-v2] [           main] o.f.core.internal.command.DbMigrate      : Migrating schema "public" to version "2 - auditoria universal"
2026-08-03T07:09:27.321Z  INFO 1 --- [controllocal-api-v2] [           main] o.f.core.internal.command.DbMigrate      : Migrating schema "public" to version "3 - seed identidad base"
2026-08-03T07:09:27.405Z  INFO 1 --- [controllocal-api-v2] [           main] o.f.core.internal.command.DbMigrate      : Migrating schema "public" to version "4 - oferta locales"
2026-08-03T07:09:27.520Z  INFO 1 --- [controllocal-api-v2] [           main] o.f.core.internal.command.DbMigrate      : Migrating schema "public" to version "5 - proceso prospeccion captacion"
2026-08-03T07:09:27.658Z  INFO 1 --- [controllocal-api-v2] [           main] o.f.core.internal.command.DbMigrate      : Migrating schema "public" to version "6 - nucleo multitenant"
2026-08-03T07:09:27.938Z  INFO 1 --- [controllocal-api-v2] [           main] o.f.core.internal.command.DbMigrate      : Migrating schema "public" to version "7 - demanda cliente oportunidad"
2026-08-03T07:09:28.113Z  INFO 1 --- [controllocal-api-v2] [           main] o.f.core.internal.command.DbMigrate      : Migrating schema "public" to version "8 - solicitud documentos contrato"
2026-08-03T07:09:28.245Z  INFO 1 --- [controllocal-api-v2] [           main] o.f.core.internal.command.DbMigrate      : Migrating schema "public" to version "9 - alertas tareas"
2026-08-03T07:09:28.311Z  INFO 1 --- [controllocal-api-v2] [           main] o.f.core.internal.command.DbMigrate      : Migrating schema "public" to version "10 - reasignacion agente broker"
2026-08-03T07:09:28.349Z  INFO 1 --- [controllocal-api-v2] [           main] o.f.core.internal.command.DbMigrate      : Migrating schema "public" to version "11 - indices busqueda locales"
2026-08-03T07:09:28.403Z  INFO 1 --- [controllocal-api-v2] [           main] o.f.core.internal.command.DbMigrate      : Migrating schema "public" to version "12 - correccion comision cap 0001"
2026-08-03T07:09:28.417Z  INFO 1 --- [controllocal-api-v2] [           main] o.f.core.internal.command.DbMigrate      : Migrating schema "public" to version "13 - contrato economico alquiler"
2026-08-03T07:09:28.436Z  INFO 1 --- [controllocal-api-v2] [           main] o.f.core.internal.command.DbMigrate      : Migrating schema "public" to version "14 - saneamiento economico origen probado"
2026-08-03T07:09:28.461Z  INFO 1 --- [controllocal-api-v2] [           main] o.f.core.internal.command.DbMigrate      : Migrating schema "public" to version "15 - expansion modelo economico y contractual"
2026-08-03T07:09:28.534Z  INFO 1 --- [controllocal-api-v2] [           main] o.f.core.internal.command.DbMigrate      : Migrating schema "public" to version "16 - backfill modelo economico y contractual"
2026-08-03T07:09:28.562Z  INFO 1 --- [controllocal-api-v2] [           main] o.f.c.i.s.DefaultSqlScriptExecutor       : +--------+
| setval |
+--------+
| 1      |
+--------+

2026-08-03T07:09:28.588Z  INFO 1 --- [controllocal-api-v2] [           main] o.f.core.internal.command.DbMigrate      : Migrating schema "public" to version "17 - restricciones finales modelo economico"
2026-08-03T07:09:28.705Z  INFO 1 --- [controllocal-api-v2] [           main] o.f.core.internal.command.DbMigrate      : Migrating schema "public" to version "18 - normaliza estado requerimiento"
2026-08-03T07:09:28.732Z  INFO 1 --- [controllocal-api-v2] [           main] o.f.core.internal.command.DbMigrate      : Migrating schema "public" to version "19 - normaliza codigos historial estado"
2026-08-03T07:09:28.752Z  INFO 1 --- [controllocal-api-v2] [           main] o.f.core.internal.command.DbMigrate      : Migrating schema "public" to version "20 - auditoria disponibilidad propiedad"
2026-08-03T07:09:28.763Z  INFO 1 --- [controllocal-api-v2] [           main] o.f.core.internal.command.DbMigrate      : Migrating schema "public" to version "21 - encargo captacion obligatorio"
2026-08-03T07:09:28.779Z  INFO 1 --- [controllocal-api-v2] [           main] o.f.core.internal.command.DbMigrate      : Migrating schema "public" to version "22 - indice listado locales estado registro"
2026-08-03T07:09:28.791Z  INFO 1 --- [controllocal-api-v2] [           main] o.f.core.internal.command.DbMigrate      : Migrating schema "public" to version "23 - indice rubro busqueda locales"
2026-08-03T07:09:28.803Z  INFO 1 --- [controllocal-api-v2] [           main] o.f.core.internal.command.DbMigrate      : Migrating schema "public" to version "24 - indices bandeja clientes"
2026-08-03T07:09:28.821Z  INFO 1 --- [controllocal-api-v2] [           main] o.f.core.internal.command.DbMigrate      : Migrating schema "public" to version "25 - indices busqueda demanda"
2026-08-03T07:09:28.840Z  INFO 1 --- [controllocal-api-v2] [           main] o.f.core.internal.command.DbMigrate      : Migrating schema "public" to version "26 - indices bandeja solicitudes"
2026-08-03T07:09:28.860Z  INFO 1 --- [controllocal-api-v2] [           main] o.f.core.internal.command.DbMigrate      : Successfully applied 26 migrations to schema "public", now at version v26 (execution time 00:01.316s)
2026-08-03T07:09:29.160Z  INFO 1 --- [controllocal-api-v2] [           main] o.hibernate.jpa.internal.util.LogHelper  : HHH000204: Processing PersistenceUnitInfo [name: default]
2026-08-03T07:09:29.433Z  INFO 1 --- [controllocal-api-v2] [           main] org.hibernate.Version                    : HHH000412: Hibernate ORM core version 6.6.33.Final
2026-08-03T07:09:29.547Z  INFO 1 --- [controllocal-api-v2] [           main] o.h.c.internal.RegionFactoryInitiator    : HHH000026: Second-level cache disabled
2026-08-03T07:09:30.757Z  INFO 1 --- [controllocal-api-v2] [           main] o.s.o.j.p.SpringPersistenceUnitInfo      : No LoadTimeWeaver setup: ignoring JPA class transformer
2026-08-03T07:09:31.086Z  INFO 1 --- [controllocal-api-v2] [           main] org.hibernate.orm.connections.pooling    : HHH10001005: Database info:
	Database JDBC URL [Connecting through datasource 'HikariDataSource (HikariPool-1)']
	Database driver: undefined/unknown
	Database version: 17.10
	Autocommit mode: undefined/unknown
	Isolation level: undefined/unknown
	Minimum pool size: undefined/unknown
	Maximum pool size: undefined/unknown
2026-08-03T07:09:35.687Z  INFO 1 --- [controllocal-api-v2] [           main] o.h.e.t.j.p.i.JtaPlatformInitiator       : HHH000489: No JTA platform available (set 'hibernate.transaction.jta.platform' to enable JTA platform integration)
2026-08-03T07:09:35.811Z  INFO 1 --- [controllocal-api-v2] [           main] j.LocalContainerEntityManagerFactoryBean : Initialized JPA EntityManagerFactory for persistence unit 'default'
2026-08-03T07:09:37.093Z  INFO 1 --- [controllocal-api-v2] [           main] o.s.d.j.r.query.QueryEnhancerFactory     : Hibernate is in classpath; If applicable, HQL parser will be used.
2026-08-03T07:09:49.086Z  WARN 1 --- [controllocal-api-v2] [           main] .s.s.UserDetailsServiceAutoConfiguration : 

Using generated security password: 996fdf3a-871b-42e7-86c3-0f6a4d5b1816

This generated password is for development use only. Your security configuration must be updated before running your application in production.

2026-08-03T07:09:49.177Z  INFO 1 --- [controllocal-api-v2] [           main] r$InitializeUserDetailsManagerConfigurer : Global AuthenticationManager configured with UserDetailsService bean with name inMemoryUserDetailsManager
2026-08-03T07:09:51.352Z  INFO 1 --- [controllocal-api-v2] [           main] o.s.b.w.embedded.tomcat.TomcatWebServer  : Tomcat started on port 8090 (http) with context path '/controllocal/Api'
2026-08-03T07:09:51.385Z  INFO 1 --- [controllocal-api-v2] [           main] c.c.app.ControlLocalApplication          : Started ControlLocalApplication in 37.457 seconds (process running for 39.785)
2026-08-03T07:09:51.982Z  INFO 1 --- [controllocal-api-v2] [nio-8090-exec-1] o.a.c.c.C.[.[.[/controllocal/Api]        : Initializing Spring DispatcherServlet 'dispatcherServlet'
2026-08-03T07:09:51.982Z  INFO 1 --- [controllocal-api-v2] [nio-8090-exec-1] o.s.web.servlet.DispatcherServlet        : Initializing Servlet 'dispatcherServlet'
2026-08-03T07:09:51.985Z  INFO 1 --- [controllocal-api-v2] [nio-8090-exec-1] o.s.web.servlet.DispatcherServlet        : Completed initialization in 3 ms
 Container controllocal-api-e2e-20260803070905-9444 Stopping 
 Container controllocal-api-e2e-20260803070905-9444 Stopped 
 Container controllocal-api-e2e-20260803070905-9444 Removing 
 Container controllocal-api-e2e-20260803070905-9444 Removed 
 Container controllocal-postgres-e2e-20260803070905-9444 Stopping 
 Container controllocal-postgres-e2e-20260803070905-9444 Stopped 
 Container controllocal-postgres-e2e-20260803070905-9444 Removing 
 Container controllocal-postgres-e2e-20260803070905-9444 Removed 
 Network controllocal-e2e-20260803070905-9444_default Removing 
 Network controllocal-e2e-20260803070905-9444_default Removed 
Entorno 20260803070905-9444 eliminado: sin contenedores, volumenes, red ni filas E2E residuales.
La suite demanda-busqueda termino con codigo 1.
En D:\init\ControlLocal\backend-spring\verificacion\Invoke-E2E.ps1: 81 Carácter: 40
+ ... DE -ne 0) { throw "La suite $nombre termino con codigo $LASTEXITCODE. ...
+                 ~~~~~~~~~~~~~~~~~~~~~~~~~~~~~~~~~~~~~~~~~~~~~~~~~~~~~~~~~
    + CategoryInfo          : OperationStopped: (La suite demand...o con codigo 1.:String) [], RuntimeException
    + FullyQualifiedErrorId : La suite demanda-busqueda termino con codigo 1.
 
